
 Start         Length     Name                   Class
 0001:00000000 000A5A04H .text                   CODE
 0002:00000000 00004874H .data                   DATA
 0002:00004874 000011F5H .bss                    BSS


Detailed map of segments

 0001:00000000 000055D7 C=CODE     S=.text    G=(none)   M=System   ACBP=A9
 0001:000055D8 00000140 C=CODE     S=.text    G=(none)   M=SysInit  ACBP=A9
 0001:00005718 00000078 C=CODE     S=.text    G=(none)   M=Types    ACBP=A9
 0001:00005790 00000CA8 C=CODE     S=.text    G=(none)   M=Windows  ACBP=A9
 0001:00006438 00000038 C=CODE     S=.text    G=(none)   M=Messages ACBP=A9
 0001:00006470 00000360 C=CODE     S=.text    G=(none)   M=SysConst ACBP=A9
 0001:000067D0 00007AC0 C=CODE     S=.text    G=(none)   M=SysUtils ACBP=A9
 0001:0000E290 00000823 C=CODE     S=.text    G=(none)   M=VarUtils ACBP=A9
 0001:0000EAB4 0000779E C=CODE     S=.text    G=(none)   M=Variants ACBP=A9
 0001:00016254 00000148 C=CODE     S=.text    G=(none)   M=RTLConsts ACBP=A9
 0001:0001639C 000019BC C=CODE     S=.text    G=(none)   M=TypInfo  ACBP=A9
 0001:00017D58 00000098 C=CODE     S=.text    G=(none)   M=ActiveX  ACBP=A9
 0001:00017DF0 0000AB96 C=CODE     S=.text    G=(none)   M=Classes  ACBP=A9
 0001:00022988 00000298 C=CODE     S=.text    G=(none)   M=Consts   ACBP=A9
 0001:00022C20 000072D7 C=CODE     S=.text    G=(none)   M=Graphics ACBP=A9
 0001:00029EF8 00000048 C=CODE     S=.text    G=(none)   M=Math     ACBP=A9
 0001:00029F40 000002B8 C=CODE     S=.text    G=(none)   M=Contnrs  ACBP=A9
 0001:0002A1F8 000000F4 C=CODE     S=.text    G=(none)   M=CommCtrl ACBP=A9
 0001:0002A2EC 00000787 C=CODE     S=.text    G=(none)   M=MultiMon ACBP=A9
 0001:0002AA74 00000038 C=CODE     S=.text    G=(none)   M=Imm      ACBP=A9
 0001:0002AAAC 00000FF8 C=CODE     S=.text    G=(none)   M=HelpIntfs ACBP=A9
 0001:0002BAA4 00000038 C=CODE     S=.text    G=(none)   M=WinSpool ACBP=A9
 0001:0002BADC 00000044 C=CODE     S=.text    G=(none)   M=Printers ACBP=A9
 0001:0002BB20 0000031F C=CODE     S=.text    G=(none)   M=FlatSB   ACBP=A9
 0001:0002BE40 000001A4 C=CODE     S=.text    G=(none)   M=SyncObjs ACBP=A9
 0001:0002BFE4 000009BB C=CODE     S=.text    G=(none)   M=UxTheme  ACBP=A9
 0001:0002C9A0 00000038 C=CODE     S=.text    G=(none)   M=RichEdit ACBP=A9
 0001:0002C9D8 00000038 C=CODE     S=.text    G=(none)   M=ToolWin  ACBP=A9
 0001:0002CA10 00000038 C=CODE     S=.text    G=(none)   M=ShellAPI ACBP=A9
 0001:0002CA48 00000038 C=CODE     S=.text    G=(none)   M=RegStr   ACBP=A9
 0001:0002CA80 00000038 C=CODE     S=.text    G=(none)   M=WinInet  ACBP=A9
 0001:0002CAB8 00000038 C=CODE     S=.text    G=(none)   M=UrlMon   ACBP=A9
 0001:0002CAF0 00000038 C=CODE     S=.text    G=(none)   M=ShlObj   ACBP=A9
 0001:0002CB28 00000038 C=CODE     S=.text    G=(none)   M=CommDlg  ACBP=A9
 0001:0002CB60 00000038 C=CODE     S=.text    G=(none)   M=Dlgs     ACBP=A9
 0001:0002CB98 0000066D C=CODE     S=.text    G=(none)   M=Dialogs  ACBP=A9
 0001:0002D208 00000652 C=CODE     S=.text    G=(none)   M=ExtCtrls ACBP=A9
 0001:0002D85C 00000038 C=CODE     S=.text    G=(none)   M=ComStrs  ACBP=A9
 0001:0002D894 00000094 C=CODE     S=.text    G=(none)   M=Clipbrd  ACBP=A9
 0001:0002D928 00000038 C=CODE     S=.text    G=(none)   M=StrUtils ACBP=A9
 0001:0002D960 000000F5 C=CODE     S=.text    G=(none)   M=Buttons  ACBP=A9
 0001:0002DA58 00000038 C=CODE     S=.text    G=(none)   M=ExtDlgs  ACBP=A9
 0001:0002DA90 00000068 C=CODE     S=.text    G=(none)   M=IniFiles ACBP=A9
 0001:0002DAF8 00000068 C=CODE     S=.text    G=(none)   M=Registry ACBP=A9
 0001:0002DB60 0000006C C=CODE     S=.text    G=(none)   M=Mapi     ACBP=A9
 0001:0002DBCC 00000058 C=CODE     S=.text    G=(none)   M=ExtActns ACBP=A9
 0001:0002DC24 00000038 C=CODE     S=.text    G=(none)   M=ListActns ACBP=A9
 0001:0002DC5C 00000180 C=CODE     S=.text    G=(none)   M=ComCtrls ACBP=A9
 0001:0002DDDC 00000A0C C=CODE     S=.text    G=(none)   M=Themes   ACBP=A9
 0001:0002E7E8 00002D34 C=CODE     S=.text    G=(none)   M=StdCtrls ACBP=A9
 0001:0003151C 00000168 C=CODE     S=.text    G=(none)   M=StdActns ACBP=A9
 0001:00031684 00000D1F C=CODE     S=.text    G=(none)   M=WinHelpViewer ACBP=A9
 0001:000323A4 00010887 C=CODE     S=.text    G=(none)   M=Controls ACBP=A9
 0001:00042C2C 00001292 C=CODE     S=.text    G=(none)   M=ActnList ACBP=A9
 0001:00043EC0 000016E4 C=CODE     S=.text    G=(none)   M=ImgList  ACBP=A9
 0001:000455A4 000066AD C=CODE     S=.text    G=(none)   M=Menus    ACBP=A9
 0001:0004BC54 0000C568 C=CODE     S=.text    G=(none)   M=Forms    ACBP=A9
 0001:000581BC 00000038 C=CODE     S=.text    G=(none)   M=MaskUtils ACBP=A9
 0001:000581F4 00000070 C=CODE     S=.text    G=(none)   M=DateUtils ACBP=A9
 0001:00058264 00000058 C=CODE     S=.text    G=(none)   M=DBConsts ACBP=A9
 0001:000582BC 00000E13 C=CODE     S=.text    G=(none)   M=SqlTimSt ACBP=A9
 0001:000590D0 000035FF C=CODE     S=.text    G=(none)   M=FMTBcd   ACBP=A9
 0001:0005C6D0 00000058 C=CODE     S=.text    G=(none)   M=ComConst ACBP=A9
 0001:0005C728 00000E65 C=CODE     S=.text    G=(none)   M=ComObj   ACBP=A9
 0001:0005D590 00000508 C=CODE     S=.text    G=(none)   M=DB       ACBP=A9
 0001:0005DA98 00000038 C=CODE     S=.text    G=(none)   M=EncdDecd ACBP=A9
 0001:0005DAD0 00000038 C=CODE     S=.text    G=(none)   M=ZLibConst ACBP=A9
 0001:0005DB08 00000038 C=CODE     S=.text    G=(none)   M=ZLib     ACBP=A9
 0001:0005DB40 0000047C C=CODE     S=.text    G=(none)   M=IdException ACBP=A9
 0001:0005DFBC 00000260 C=CODE     S=.text    G=(none)   M=IdResourceStrings ACBP=A9
 0001:0005E21C 00000294 C=CODE     S=.text    G=(none)   M=IdStreamVCL ACBP=A9
 0001:0005E4B0 00000038 C=CODE     S=.text    G=(none)   M=IdStream ACBP=A9
 0001:0005E4E8 000053E8 C=CODE     S=.text    G=(none)   M=IdGlobal ACBP=A9
 0001:000638D0 00000294 C=CODE     S=.text    G=(none)   M=IdBaseComponent ACBP=A9
 0001:00063B64 0000310C C=CODE     S=.text    G=(none)   M=IdWinsock2 ACBP=A9
 0001:00066C70 00000EBC C=CODE     S=.text    G=(none)   M=IdWship6 ACBP=A9
 0001:00067B2C 00000038 C=CODE     S=.text    G=(none)   M=IdStackConsts ACBP=A9
 0001:00067B64 00000348 C=CODE     S=.text    G=(none)   M=IdIDN    ACBP=A9
 0001:00067EAC 00000990 C=CODE     S=.text    G=(none)   M=IdStackBSDBase ACBP=A9
 0001:0006883C 00002C00 C=CODE     S=.text    G=(none)   M=IdStackWindows ACBP=A9
 0001:0006B43C 00001601 C=CODE     S=.text    G=(none)   M=IdStack  ACBP=A9
 0001:0006CA40 00000634 C=CODE     S=.text    G=(none)   M=IdComponent ACBP=A9
 0001:0006D074 00004BEC C=CODE     S=.text    G=(none)   M=IdCharsets ACBP=A9
 0001:00071C60 000001E8 C=CODE     S=.text    G=(none)   M=IdIPAddress ACBP=A9
 0001:00071E48 00000038 C=CODE     S=.text    G=(none)   M=IdAssignedNumbers ACBP=A9
 0001:00071E80 00000168 C=CODE     S=.text    G=(none)   M=IdResourceStringsCore ACBP=A9
 0001:00071FE8 000000B8 C=CODE     S=.text    G=(none)   M=IdResourceStringsProtocols ACBP=A9
 0001:000720A0 00001CAC C=CODE     S=.text    G=(none)   M=IdGlobalProtocols ACBP=A9
 0001:00073D4C 00000A60 C=CODE     S=.text    G=(none)   M=IdHeaderList ACBP=A9
 0001:000747AC 00000D58 C=CODE     S=.text    G=(none)   M=IdExceptionCore ACBP=A9
 0001:00075504 0000011C C=CODE     S=.text    G=(none)   M=IdEMailAddress ACBP=A9
 0001:00075620 000002A3 C=CODE     S=.text    G=(none)   M=IdHeaderCoderBase ACBP=A9
 0001:000758C4 0000020C C=CODE     S=.text    G=(none)   M=IdHeaderCoderPlain ACBP=A9
 0001:00075AD0 00000494 C=CODE     S=.text    G=(none)   M=IdHeaderCoder2022JP ACBP=A9
 0001:00075F64 00000268 C=CODE     S=.text    G=(none)   M=IdHeaderCoderIndy ACBP=A9
 0001:000761CC 00000038 C=CODE     S=.text    G=(none)   M=IdAllHeaderCoders ACBP=A9
 0001:00076204 000006A4 C=CODE     S=.text    G=(none)   M=IdCoderHeader ACBP=A9
 0001:000768A8 000002C4 C=CODE     S=.text    G=(none)   M=IdAntiFreezeBase ACBP=A9
 0001:00076B6C 00000A30 C=CODE     S=.text    G=(none)   M=IdBuffer ACBP=A9
 0001:0007759C 00000470 C=CODE     S=.text    G=(none)   M=IdIntercept ACBP=A9
 0001:00077A0C 00002C3C C=CODE     S=.text    G=(none)   M=IdIOHandler ACBP=A9
 0001:0007A648 00000038 C=CODE     S=.text    G=(none)   M=IdIOHandlerStream ACBP=A9
 0001:0007A680 00000B08 C=CODE     S=.text    G=(none)   M=IdSocketHandle ACBP=A9
 0001:0007B188 00000648 C=CODE     S=.text    G=(none)   M=IdCustomTransparentProxy ACBP=A9
 0001:0007B7D0 0000055C C=CODE     S=.text    G=(none)   M=IdReply  ACBP=A9
 0001:0007BD2C 00000540 C=CODE     S=.text    G=(none)   M=IdReplyRFC ACBP=A9
 0001:0007C26C 00000914 C=CODE     S=.text    G=(none)   M=IdIOHandlerStack ACBP=A9
 0001:0007CB80 00000BCC C=CODE     S=.text    G=(none)   M=IdTCPClient ACBP=A9
 0001:0007D74C 00002628 C=CODE     S=.text    G=(none)   M=IdSocks  ACBP=A9
 0001:0007FD74 00000944 C=CODE     S=.text    G=(none)   M=IdIOHandlerSocket ACBP=A9
 0001:000806B8 000009E0 C=CODE     S=.text    G=(none)   M=IdTCPConnection ACBP=A9
 0001:00081098 00000038 C=CODE     S=.text    G=(none)   M=IdTCPStream ACBP=A9
 0001:000810D0 000005F8 C=CODE     S=.text    G=(none)   M=IdCoder  ACBP=A9
 0001:000816C8 00000A04 C=CODE     S=.text    G=(none)   M=IdCoder3to4 ACBP=A9
 0001:000820CC 000006B3 C=CODE     S=.text    G=(none)   M=IdCoderMIME ACBP=A9
 0001:00082780 000008BC C=CODE     S=.text    G=(none)   M=IdCoderQuotedPrintable ACBP=A9
 0001:0008303C 00000C5F C=CODE     S=.text    G=(none)   M=IdCoderBinHex4 ACBP=A9
 0001:00083C9C 00000038 C=CODE     S=.text    G=(none)   M=IdYarn   ACBP=A9
 0001:00083CD4 00000038 C=CODE     S=.text    G=(none)   M=IdTask   ACBP=A9
 0001:00083D0C 00000288 C=CODE     S=.text    G=(none)   M=IdThreadSafe ACBP=A9
 0001:00083F94 00000038 C=CODE     S=.text    G=(none)   M=IdContext ACBP=A9
 0001:00083FCC 00000038 C=CODE     S=.text    G=(none)   M=IdCommandHandlers ACBP=A9
 0001:00084004 0000004B C=CODE     S=.text    G=(none)   M=IdThread ACBP=A9
 0001:00084050 00000038 C=CODE     S=.text    G=(none)   M=IdScheduler ACBP=A9
 0001:00084088 00000190 C=CODE     S=.text    G=(none)   M=IdServerIOHandler ACBP=A9
 0001:00084218 00000038 C=CODE     S=.text    G=(none)   M=IdServerIOHandlerSocket ACBP=A9
 0001:00084250 00000038 C=CODE     S=.text    G=(none)   M=IdServerIOHandlerStack ACBP=A9
 0001:00084288 00000038 C=CODE     S=.text    G=(none)   M=IdGlobalCore ACBP=A9
 0001:000842C0 00000038 C=CODE     S=.text    G=(none)   M=IdSchedulerOfThreadDefault ACBP=A9
 0001:000842F8 00000038 C=CODE     S=.text    G=(none)   M=IdSchedulerOfThread ACBP=A9
 0001:00084330 00000038 C=CODE     S=.text    G=(none)   M=IdCustomTCPServer ACBP=A9
 0001:00084368 00000038 C=CODE     S=.text    G=(none)   M=IdTCPServer ACBP=A9
 0001:000843A0 00000038 C=CODE     S=.text    G=(none)   M=IdCmdTCPServer ACBP=A9
 0001:000843D8 0000059B C=CODE     S=.text    G=(none)   M=IdSSL    ACBP=A9
 0001:00084974 00000038 C=CODE     S=.text    G=(none)   M=IdExplicitTLSClientServerBase ACBP=A9
 0001:000849AC 00000278 C=CODE     S=.text    G=(none)   M=IdMessageCoderBinHex4 ACBP=A9
 0001:00084C24 00000280 C=CODE     S=.text    G=(none)   M=IdMessageCoderQuotedPrintable ACBP=A9
 0001:00084EA4 00000488 C=CODE     S=.text    G=(none)   M=IdCoder00E ACBP=A9
 0001:0008532C 000002DD C=CODE     S=.text    G=(none)   M=IdCoderUUE ACBP=A9
 0001:0008560C 000002D3 C=CODE     S=.text    G=(none)   M=IdCoderXXE ACBP=A9
 0001:000858E0 00000898 C=CODE     S=.text    G=(none)   M=IdMessageCoderUUE ACBP=A9
 0001:00086178 0000020C C=CODE     S=.text    G=(none)   M=IdMessageCoderXXE ACBP=A9
 0001:00086384 00000038 C=CODE     S=.text    G=(none)   M=IdAttachmentFile ACBP=A9
 0001:000863BC 00000038 C=CODE     S=.text    G=(none)   M=IdText   ACBP=A9
 0001:000863F4 00000038 C=CODE     S=.text    G=(none)   M=IdMessageClient ACBP=A9
 0001:0008642C 00000038 C=CODE     S=.text    G=(none)   M=IdMessageParts ACBP=A9
 0001:00086464 00000038 C=CODE     S=.text    G=(none)   M=IdAttachment ACBP=A9
 0001:0008649C 00000328 C=CODE     S=.text    G=(none)   M=IdMessage ACBP=A9
 0001:000867C4 00000C34 C=CODE     S=.text    G=(none)   M=IdMessageCoder ACBP=A9
 0001:000873F8 00001624 C=CODE     S=.text    G=(none)   M=IdMessageCoderMIME ACBP=A9
 0001:00088A1C 00000038 C=CODE     S=.text    G=(none)   M=DWDCPtypes ACBP=A9
 0001:00088A54 00000038 C=CODE     S=.text    G=(none)   M=DWDCPbase64 ACBP=A9
 0001:00088A8C 00000038 C=CODE     S=.text    G=(none)   M=DWDCPcrypt2 ACBP=A9
 0001:00088AC4 00000038 C=CODE     S=.text    G=(none)   M=DWDCPconst ACBP=A9
 0001:00088AFC 00000038 C=CODE     S=.text    G=(none)   M=DWDCPsha256 ACBP=A9
 0001:00088B34 00000038 C=CODE     S=.text    G=(none)   M=DWDCPblockciphers ACBP=A9
 0001:00088B6C 00000038 C=CODE     S=.text    G=(none)   M=DWDCPrijndael ACBP=A9
 0001:00088BA4 00000038 C=CODE     S=.text    G=(none)   M=StringBuilderUnit ACBP=A9
 0001:00088BDC 00000038 C=CODE     S=.text    G=(none)   M=IdResourceStringsUriUtils ACBP=A9
 0001:00088C14 00000038 C=CODE     S=.text    G=(none)   M=IdUriUtils ACBP=A9
 0001:00088C4C 000006EC C=CODE     S=.text    G=(none)   M=IdURI    ACBP=A9
 0001:00089338 00000336 C=CODE     S=.text    G=(none)   M=IdFIPS   ACBP=A9
 0001:00089670 0000067C C=CODE     S=.text    G=(none)   M=IdHash   ACBP=A9
 0001:00089CEC 00001034 C=CODE     S=.text    G=(none)   M=IdHashMessageDigest ACBP=A9
 0001:0008AD20 00000038 C=CODE     S=.text    G=(none)   M=uAboutForm ACBP=A9
 0001:0008AD58 00000038 C=CODE     S=.text    G=(none)   M=uDWAbout ACBP=A9
 0001:0008AD90 00000038 C=CODE     S=.text    G=(none)   M=IdCookie ACBP=A9
 0001:0008ADC8 00000804 C=CODE     S=.text    G=(none)   M=IdAuthentication ACBP=A9
 0001:0008B5CC 00000074 C=CODE     S=.text    G=(none)   M=IdHTTPHeaderInfo ACBP=A9
 0001:0008B640 000000C8 C=CODE     S=.text    G=(none)   M=IdCustomHTTPServer ACBP=A9
 0001:0008B708 00000038 C=CODE     S=.text    G=(none)   M=IdHTTPServer ACBP=A9
 0001:0008B740 00000038 C=CODE     S=.text    G=(none)   M=IdCTypes ACBP=A9
 0001:0008B778 000000C0 C=CODE     S=.text    G=(none)   M=IdResourceStringsOpenSSL ACBP=A9
 0001:0008B838 0000883B C=CODE     S=.text    G=(none)   M=IdSSLOpenSSLHeaders ACBP=A9
 0001:00094074 000051B8 C=CODE     S=.text    G=(none)   M=IdSSLOpenSSL ACBP=A9
 0001:0009922C 00000038 C=CODE     S=.text    G=(none)   M=IdZLibCompressorBase ACBP=A9
 0001:00099264 00000038 C=CODE     S=.text    G=(none)   M=IdCookieManager ACBP=A9
 0001:0009929C 00000038 C=CODE     S=.text    G=(none)   M=IdAuthenticationManager ACBP=A9
 0001:000992D4 000000E4 C=CODE     S=.text    G=(none)   M=IdMultipartFormData ACBP=A9
 0001:000993B8 00000038 C=CODE     S=.text    G=(none)   M=IdStruct ACBP=A9
 0001:000993F0 00000924 C=CODE     S=.text    G=(none)   M=IdNTLM   ACBP=A9
 0001:00099D14 00000574 C=CODE     S=.text    G=(none)   M=IdAuthenticationNTLM ACBP=A9
 0001:0009A288 00000050 C=CODE     S=.text    G=(none)   M=IdSSPI   ACBP=A9
 0001:0009A2D8 00000318 C=CODE     S=.text    G=(none)   M=IdResourceStringsSSPI ACBP=A9
 0001:0009A5F0 000022C8 C=CODE     S=.text    G=(none)   M=IdAuthenticationSSPI ACBP=A9
 0001:0009C8B8 00000BF8 C=CODE     S=.text    G=(none)   M=IdAuthenticationDigest ACBP=A9
 0001:0009D4B0 00000038 C=CODE     S=.text    G=(none)   M=IdAllAuthentications ACBP=A9
 0001:0009D4E8 00000204 C=CODE     S=.text    G=(none)   M=IdHTTP   ACBP=A9
 0001:0009D6EC 00000038 C=CODE     S=.text    G=(none)   M=DBCommon ACBP=A9
 0001:0009D724 00000038 C=CODE     S=.text    G=(none)   M=MidConst ACBP=A9
 0001:0009D75C 00000064 C=CODE     S=.text    G=(none)   M=DSIntf   ACBP=A9
 0001:0009D7C0 00000038 C=CODE     S=.text    G=(none)   M=Midas    ACBP=A9
 0001:0009D7F8 00000038 C=CODE     S=.text    G=(none)   M=DataBkr  ACBP=A9
 0001:0009D830 00000138 C=CODE     S=.text    G=(none)   M=Provider ACBP=A9
 0001:0009D968 00000038 C=CODE     S=.text    G=(none)   M=DBClient ACBP=A9
 0001:0009D9A0 00000038 C=CODE     S=.text    G=(none)   M=PropertyPersist ACBP=A9
 0001:0009D9D8 00000038 C=CODE     S=.text    G=(none)   M=uDWResponseTranslator ACBP=A9
 0001:0009DA10 00000038 C=CODE     S=.text    G=(none)   M=uDWJSONObject ACBP=A9
 0001:0009DA48 00000038 C=CODE     S=.text    G=(none)   M=SysTypes ACBP=A9
 0001:0009DA80 00000038 C=CODE     S=.text    G=(none)   M=ServerUtils ACBP=A9
 0001:0009DAB8 00000038 C=CODE     S=.text    G=(none)   M=uDWJSONTools ACBP=A9
 0001:0009DAF0 00000038 C=CODE     S=.text    G=(none)   M=uDWConstsCharset ACBP=A9
 0001:0009DB28 00000038 C=CODE     S=.text    G=(none)   M=uZlibLaz ACBP=A9
 0001:0009DB60 000001BB C=CODE     S=.text    G=(none)   M=uDWConsts ACBP=A9
 0001:0009DD1C 00002F6D C=CODE     S=.text    G=(none)   M=uDWJSON  ACBP=A9
 0001:000A0C8C 0000090C C=CODE     S=.text    G=(none)   M=uDWJSONInterface ACBP=A9
 0001:000A1598 00003118 C=CODE     S=.text    G=(none)   M=uRESTDWDataJSON ACBP=A9
 0001:000A46B0 000005A4 C=CODE     S=.text    G=(none)   M=uRESTDWSerialize ACBP=A9
 0001:000A4C54 000006A8 C=CODE     S=.text    G=(none)   M=RESTDWObjectSerialize ACBP=A9
 0001:000A52FC 00000705 C=CODE     S=.text    G=(none)   M=ObjectSerialize ACBP=A9
 0002:00000000 0000009C C=DATA     S=.data    G=DGROUP   M=System   ACBP=A9
 0002:0000009C 00000020 C=DATA     S=.data    G=DGROUP   M=SysInit  ACBP=A9
 0002:000000BC 00000258 C=DATA     S=.data    G=DGROUP   M=SysUtils ACBP=A9
 0002:00000314 00000110 C=DATA     S=.data    G=DGROUP   M=VarUtils ACBP=A9
 0002:00000424 00000092 C=DATA     S=.data    G=DGROUP   M=Variants ACBP=A9
 0002:000004B8 0000000C C=DATA     S=.data    G=DGROUP   M=TypInfo  ACBP=A9
 0002:000004C4 00000010 C=DATA     S=.data    G=DGROUP   M=ActiveX  ACBP=A9
 0002:000004D4 00000064 C=DATA     S=.data    G=DGROUP   M=Classes  ACBP=A9
 0002:00000538 00000304 C=DATA     S=.data    G=DGROUP   M=Graphics ACBP=A9
 0002:0000083C 00000004 C=DATA     S=.data    G=DGROUP   M=Printers ACBP=A9
 0002:00000840 00000074 C=DATA     S=.data    G=DGROUP   M=Dialogs  ACBP=A9
 0002:000008B4 00000178 C=DATA     S=.data    G=DGROUP   M=ExtCtrls ACBP=A9
 0002:00000A2C 0000002C C=DATA     S=.data    G=DGROUP   M=Buttons  ACBP=A9
 0002:00000A58 00000008 C=DATA     S=.data    G=DGROUP   M=IniFiles ACBP=A9
 0002:00000A60 00000008 C=DATA     S=.data    G=DGROUP   M=Registry ACBP=A9
 0002:00000A68 00000008 C=DATA     S=.data    G=DGROUP   M=Mapi     ACBP=A9
 0002:00000A70 00000018 C=DATA     S=.data    G=DGROUP   M=ComCtrls ACBP=A9
 0002:00000A88 00000068 C=DATA     S=.data    G=DGROUP   M=Themes   ACBP=A9
 0002:00000AF0 00000070 C=DATA     S=.data    G=DGROUP   M=StdCtrls ACBP=A9
 0002:00000B60 0000013C C=DATA     S=.data    G=DGROUP   M=Controls ACBP=A9
 0002:00000C9C 00000020 C=DATA     S=.data    G=DGROUP   M=ImgList  ACBP=A9
 0002:00000CBC 000000EC C=DATA     S=.data    G=DGROUP   M=Menus    ACBP=A9
 0002:00000DA8 0000011C C=DATA     S=.data    G=DGROUP   M=Forms    ACBP=A9
 0002:00000EC4 0000003C C=DATA     S=.data    G=DGROUP   M=SqlTimSt ACBP=A9
 0002:00000F00 0000003A C=DATA     S=.data    G=DGROUP   M=FMTBcd   ACBP=A9
 0002:00000F3C 00000030 C=DATA     S=.data    G=DGROUP   M=ComObj   ACBP=A9
 0002:00000F6C 00000098 C=DATA     S=.data    G=DGROUP   M=DB       ACBP=A9
 0002:00001004 00000088 C=DATA     S=.data    G=DGROUP   M=IdGlobal ACBP=A9
 0002:0000108C 00000278 C=DATA     S=.data    G=DGROUP   M=IdWinsock2 ACBP=A9
 0002:00001304 00000048 C=DATA     S=.data    G=DGROUP   M=IdWship6 ACBP=A9
 0002:0000134C 00000008 C=DATA     S=.data    G=DGROUP   M=IdStackConsts ACBP=A9
 0002:00001354 00000028 C=DATA     S=.data    G=DGROUP   M=IdIDN    ACBP=A9
 0002:0000137C 0000000C C=DATA     S=.data    G=DGROUP   M=IdStackBSDBase ACBP=A9
 0002:00001388 00000024 C=DATA     S=.data    G=DGROUP   M=IdStackWindows ACBP=A9
 0002:000013AC 00000014 C=DATA     S=.data    G=DGROUP   M=IdStack  ACBP=A9
 0002:000013C0 00000024 C=DATA     S=.data    G=DGROUP   M=IdComponent ACBP=A9
 0002:000013E4 00001560 C=DATA     S=.data    G=DGROUP   M=IdCharsets ACBP=A9
 0002:00002944 000004DC C=DATA     S=.data    G=DGROUP   M=IdGlobalProtocols ACBP=A9
 0002:00002E20 0000000C C=DATA     S=.data    G=DGROUP   M=IdEMailAddress ACBP=A9
 0002:00002E2C 0000000C C=DATA     S=.data    G=DGROUP   M=IdHeaderCoderBase ACBP=A9
 0002:00002E38 00000380 C=DATA     S=.data    G=DGROUP   M=IdHeaderCoder2022JP ACBP=A9
 0002:000031B8 00000044 C=DATA     S=.data    G=DGROUP   M=IdCoderHeader ACBP=A9
 0002:000031FC 00000004 C=DATA     S=.data    G=DGROUP   M=IdAntiFreezeBase ACBP=A9
 0002:00003200 00000008 C=DATA     S=.data    G=DGROUP   M=IdIOHandler ACBP=A9
 0002:00003208 00000004 C=DATA     S=.data    G=DGROUP   M=IdCoderMIME ACBP=A9
 0002:0000320C 00000008 C=DATA     S=.data    G=DGROUP   M=IdCoderBinHex4 ACBP=A9
 0002:00003214 00000004 C=DATA     S=.data    G=DGROUP   M=IdThread ACBP=A9
 0002:00003218 00000004 C=DATA     S=.data    G=DGROUP   M=IdCoderUUE ACBP=A9
 0002:0000321C 00000004 C=DATA     S=.data    G=DGROUP   M=IdCoderXXE ACBP=A9
 0002:00003220 00000040 C=DATA     S=.data    G=DGROUP   M=IdMessage ACBP=A9
 0002:00003260 00000008 C=DATA     S=.data    G=DGROUP   M=IdMessageCoder ACBP=A9
 0002:00003268 00000004 C=DATA     S=.data    G=DGROUP   M=IdURI    ACBP=A9
 0002:0000326C 00000110 C=DATA     S=.data    G=DGROUP   M=IdHashMessageDigest ACBP=A9
 0002:0000337C 00000004 C=DATA     S=.data    G=DGROUP   M=IdAuthentication ACBP=A9
 0002:00003380 00000004 C=DATA     S=.data    G=DGROUP   M=IdHTTPHeaderInfo ACBP=A9
 0002:00003384 00000020 C=DATA     S=.data    G=DGROUP   M=IdCustomHTTPServer ACBP=A9
 0002:000033A4 000008FC C=DATA     S=.data    G=DGROUP   M=IdSSLOpenSSLHeaders ACBP=A9
 0002:00003CA0 00000014 C=DATA     S=.data    G=DGROUP   M=IdSSLOpenSSL ACBP=A9
 0002:00003CB4 00000020 C=DATA     S=.data    G=DGROUP   M=IdMultipartFormData ACBP=A9
 0002:00003CD4 00000018 C=DATA     S=.data    G=DGROUP   M=IdNTLM   ACBP=A9
 0002:00003CEC 00000005 C=DATA     S=.data    G=DGROUP   M=IdAuthenticationSSPI ACBP=A9
 0002:00003CF4 00000090 C=DATA     S=.data    G=DGROUP   M=IdHTTP   ACBP=A9
 0002:00003D84 00000004 C=DATA     S=.data    G=DGROUP   M=DSIntf   ACBP=A9
 0002:00003D88 0000002C C=DATA     S=.data    G=DGROUP   M=Provider ACBP=A9
 0002:00003DB4 00000014 C=DATA     S=.data    G=DGROUP   M=uDWConsts ACBP=A9
 0002:00003DC8 00000004 C=DATA     S=.data    G=DGROUP   M=uDWJSON  ACBP=A9
 0002:00005000 00000664 C=BSS      S=.bss     G=DGROUP   M=System   ACBP=A9
 0002:00005664 00000010 C=BSS      S=.bss     G=DGROUP   M=SysInit  ACBP=A9
 0002:00005674 00000004 C=BSS      S=.bss     G=DGROUP   M=Types    ACBP=A9
 0002:00005678 00000004 C=BSS      S=.bss     G=DGROUP   M=Windows  ACBP=A9
 0002:0000567C 00000004 C=BSS      S=.bss     G=DGROUP   M=Messages ACBP=A9
 0002:00005680 00000004 C=BSS      S=.bss     G=DGROUP   M=SysConst ACBP=A9
 0002:00005684 00000120 C=BSS      S=.bss     G=DGROUP   M=SysUtils ACBP=A9
 0002:000057A4 0000005C C=BSS      S=.bss     G=DGROUP   M=VarUtils ACBP=A9
 0002:00005800 00000040 C=BSS      S=.bss     G=DGROUP   M=Variants ACBP=A9
 0002:00005840 00000004 C=BSS      S=.bss     G=DGROUP   M=RTLConsts ACBP=A9
 0002:00005844 00000004 C=BSS      S=.bss     G=DGROUP   M=TypInfo  ACBP=A9
 0002:00005848 00000004 C=BSS      S=.bss     G=DGROUP   M=ActiveX  ACBP=A9
 0002:0000584C 00000044 C=BSS      S=.bss     G=DGROUP   M=Classes  ACBP=A9
 0002:00005890 00000004 C=BSS      S=.bss     G=DGROUP   M=Consts   ACBP=A9
 0002:00005894 00000060 C=BSS      S=.bss     G=DGROUP   M=Graphics ACBP=A9
 0002:000058F4 00000004 C=BSS      S=.bss     G=DGROUP   M=Math     ACBP=A9
 0002:000058F8 00000004 C=BSS      S=.bss     G=DGROUP   M=Contnrs  ACBP=A9
 0002:000058FC 00000004 C=BSS      S=.bss     G=DGROUP   M=CommCtrl ACBP=A9
 0002:00005900 00000031 C=BSS      S=.bss     G=DGROUP   M=MultiMon ACBP=A9
 0002:00005934 00000004 C=BSS      S=.bss     G=DGROUP   M=Imm      ACBP=A9
 0002:00005938 00000008 C=BSS      S=.bss     G=DGROUP   M=HelpIntfs ACBP=A9
 0002:00005940 00000004 C=BSS      S=.bss     G=DGROUP   M=WinSpool ACBP=A9
 0002:00005944 00000004 C=BSS      S=.bss     G=DGROUP   M=Printers ACBP=A9
 0002:00005948 00000034 C=BSS      S=.bss     G=DGROUP   M=FlatSB   ACBP=A9
 0002:0000597C 00000004 C=BSS      S=.bss     G=DGROUP   M=SyncObjs ACBP=A9
 0002:00005980 000000CC C=BSS      S=.bss     G=DGROUP   M=UxTheme  ACBP=A9
 0002:00005A4C 00000004 C=BSS      S=.bss     G=DGROUP   M=RichEdit ACBP=A9
 0002:00005A50 00000004 C=BSS      S=.bss     G=DGROUP   M=ToolWin  ACBP=A9
 0002:00005A54 00000004 C=BSS      S=.bss     G=DGROUP   M=ShellAPI ACBP=A9
 0002:00005A58 00000004 C=BSS      S=.bss     G=DGROUP   M=RegStr   ACBP=A9
 0002:00005A5C 00000004 C=BSS      S=.bss     G=DGROUP   M=WinInet  ACBP=A9
 0002:00005A60 00000004 C=BSS      S=.bss     G=DGROUP   M=UrlMon   ACBP=A9
 0002:00005A64 00000004 C=BSS      S=.bss     G=DGROUP   M=ShlObj   ACBP=A9
 0002:00005A68 00000004 C=BSS      S=.bss     G=DGROUP   M=CommDlg  ACBP=A9
 0002:00005A6C 00000004 C=BSS      S=.bss     G=DGROUP   M=Dlgs     ACBP=A9
 0002:00005A70 0000000C C=BSS      S=.bss     G=DGROUP   M=Dialogs  ACBP=A9
 0002:00005A7C 00000004 C=BSS      S=.bss     G=DGROUP   M=ExtCtrls ACBP=A9
 0002:00005A80 00000004 C=BSS      S=.bss     G=DGROUP   M=ComStrs  ACBP=A9
 0002:00005A84 0000000C C=BSS      S=.bss     G=DGROUP   M=Clipbrd  ACBP=A9
 0002:00005A90 00000004 C=BSS      S=.bss     G=DGROUP   M=StrUtils ACBP=A9
 0002:00005A94 00000030 C=BSS      S=.bss     G=DGROUP   M=Buttons  ACBP=A9
 0002:00005AC4 00000004 C=BSS      S=.bss     G=DGROUP   M=ExtDlgs  ACBP=A9
 0002:00005AC8 00000004 C=BSS      S=.bss     G=DGROUP   M=IniFiles ACBP=A9
 0002:00005ACC 00000004 C=BSS      S=.bss     G=DGROUP   M=Registry ACBP=A9
 0002:00005AD0 00000004 C=BSS      S=.bss     G=DGROUP   M=Mapi     ACBP=A9
 0002:00005AD4 00000009 C=BSS      S=.bss     G=DGROUP   M=ExtActns ACBP=A9
 0002:00005AE0 00000004 C=BSS      S=.bss     G=DGROUP   M=ListActns ACBP=A9
 0002:00005AE4 00000010 C=BSS      S=.bss     G=DGROUP   M=ComCtrls ACBP=A9
 0002:00005AF4 00000008 C=BSS      S=.bss     G=DGROUP   M=Themes   ACBP=A9
 0002:00005AFC 00000004 C=BSS      S=.bss     G=DGROUP   M=StdCtrls ACBP=A9
 0002:00005B00 00000004 C=BSS      S=.bss     G=DGROUP   M=StdActns ACBP=A9
 0002:00005B04 00000014 C=BSS      S=.bss     G=DGROUP   M=WinHelpViewer ACBP=A9
 0002:00005B18 00000080 C=BSS      S=.bss     G=DGROUP   M=Controls ACBP=A9
 0002:00005B98 00000004 C=BSS      S=.bss     G=DGROUP   M=ActnList ACBP=A9
 0002:00005B9C 0000000C C=BSS      S=.bss     G=DGROUP   M=ImgList  ACBP=A9
 0002:00005BA8 00000010 C=BSS      S=.bss     G=DGROUP   M=Menus    ACBP=A9
 0002:00005BB8 00000020 C=BSS      S=.bss     G=DGROUP   M=Forms    ACBP=A9
 0002:00005BD8 00000004 C=BSS      S=.bss     G=DGROUP   M=MaskUtils ACBP=A9
 0002:00005BDC 00000004 C=BSS      S=.bss     G=DGROUP   M=DateUtils ACBP=A9
 0002:00005BE0 00000004 C=BSS      S=.bss     G=DGROUP   M=DBConsts ACBP=A9
 0002:00005BE4 00000004 C=BSS      S=.bss     G=DGROUP   M=SqlTimSt ACBP=A9
 0002:00005BE8 00000004 C=BSS      S=.bss     G=DGROUP   M=FMTBcd   ACBP=A9
 0002:00005BEC 00000004 C=BSS      S=.bss     G=DGROUP   M=ComConst ACBP=A9
 0002:00005BF0 00000011 C=BSS      S=.bss     G=DGROUP   M=ComObj   ACBP=A9
 0002:00005C04 0000000C C=BSS      S=.bss     G=DGROUP   M=DB       ACBP=A9
 0002:00005C10 00000004 C=BSS      S=.bss     G=DGROUP   M=EncdDecd ACBP=A9
 0002:00005C14 00000004 C=BSS      S=.bss     G=DGROUP   M=ZLibConst ACBP=A9
 0002:00005C18 00000004 C=BSS      S=.bss     G=DGROUP   M=ZLib     ACBP=A9
 0002:00005C1C 00000004 C=BSS      S=.bss     G=DGROUP   M=IdException ACBP=A9
 0002:00005C20 00000004 C=BSS      S=.bss     G=DGROUP   M=IdResourceStrings ACBP=A9
 0002:00005C24 00000004 C=BSS      S=.bss     G=DGROUP   M=IdStreamVCL ACBP=A9
 0002:00005C28 00000004 C=BSS      S=.bss     G=DGROUP   M=IdStream ACBP=A9
 0002:00005C2C 00000004 C=BSS      S=.bss     G=DGROUP   M=IdGlobal ACBP=A9
 0002:00005C30 00000004 C=BSS      S=.bss     G=DGROUP   M=IdBaseComponent ACBP=A9
 0002:00005C34 000000BC C=BSS      S=.bss     G=DGROUP   M=IdWinsock2 ACBP=A9
 0002:00005CF0 00000004 C=BSS      S=.bss     G=DGROUP   M=IdWship6 ACBP=A9
 0002:00005CF4 00000004 C=BSS      S=.bss     G=DGROUP   M=IdStackConsts ACBP=A9
 0002:00005CF8 00000004 C=BSS      S=.bss     G=DGROUP   M=IdIDN    ACBP=A9
 0002:00005CFC 00000004 C=BSS      S=.bss     G=DGROUP   M=IdStackBSDBase ACBP=A9
 0002:00005D00 00000004 C=BSS      S=.bss     G=DGROUP   M=IdStackWindows ACBP=A9
 0002:00005D04 00000008 C=BSS      S=.bss     G=DGROUP   M=IdStack  ACBP=A9
 0002:00005D0C 00000004 C=BSS      S=.bss     G=DGROUP   M=IdComponent ACBP=A9
 0002:00005D10 00000004 C=BSS      S=.bss     G=DGROUP   M=IdCharsets ACBP=A9
 0002:00005D14 00000004 C=BSS      S=.bss     G=DGROUP   M=IdIPAddress ACBP=A9
 0002:00005D18 00000004 C=BSS      S=.bss     G=DGROUP   M=IdAssignedNumbers ACBP=A9
 0002:00005D1C 00000004 C=BSS      S=.bss     G=DGROUP   M=IdResourceStringsCore ACBP=A9
 0002:00005D20 00000004 C=BSS      S=.bss     G=DGROUP   M=IdResourceStringsProtocols ACBP=A9
 0002:00005D24 00000010 C=BSS      S=.bss     G=DGROUP   M=IdGlobalProtocols ACBP=A9
 0002:00005D34 00000004 C=BSS      S=.bss     G=DGROUP   M=IdHeaderList ACBP=A9
 0002:00005D38 00000004 C=BSS      S=.bss     G=DGROUP   M=IdExceptionCore ACBP=A9
 0002:00005D3C 00000004 C=BSS      S=.bss     G=DGROUP   M=IdEMailAddress ACBP=A9
 0002:00005D40 00000004 C=BSS      S=.bss     G=DGROUP   M=IdHeaderCoderBase ACBP=A9
 0002:00005D44 00000004 C=BSS      S=.bss     G=DGROUP   M=IdHeaderCoderPlain ACBP=A9
 0002:00005D48 00000004 C=BSS      S=.bss     G=DGROUP   M=IdHeaderCoder2022JP ACBP=A9
 0002:00005D4C 00000004 C=BSS      S=.bss     G=DGROUP   M=IdHeaderCoderIndy ACBP=A9
 0002:00005D50 00000004 C=BSS      S=.bss     G=DGROUP   M=IdAllHeaderCoders ACBP=A9
 0002:00005D54 00000004 C=BSS      S=.bss     G=DGROUP   M=IdCoderHeader ACBP=A9
 0002:00005D58 00000004 C=BSS      S=.bss     G=DGROUP   M=IdAntiFreezeBase ACBP=A9
 0002:00005D5C 00000004 C=BSS      S=.bss     G=DGROUP   M=IdBuffer ACBP=A9
 0002:00005D60 00000004 C=BSS      S=.bss     G=DGROUP   M=IdIntercept ACBP=A9
 0002:00005D64 00000004 C=BSS      S=.bss     G=DGROUP   M=IdIOHandler ACBP=A9
 0002:00005D68 00000004 C=BSS      S=.bss     G=DGROUP   M=IdIOHandlerStream ACBP=A9
 0002:00005D6C 00000004 C=BSS      S=.bss     G=DGROUP   M=IdSocketHandle ACBP=A9
 0002:00005D70 00000004 C=BSS      S=.bss     G=DGROUP   M=IdCustomTransparentProxy ACBP=A9
 0002:00005D74 00000004 C=BSS      S=.bss     G=DGROUP   M=IdReply  ACBP=A9
 0002:00005D78 00000004 C=BSS      S=.bss     G=DGROUP   M=IdReplyRFC ACBP=A9
 0002:00005D7C 00000004 C=BSS      S=.bss     G=DGROUP   M=IdIOHandlerStack ACBP=A9
 0002:00005D80 00000004 C=BSS      S=.bss     G=DGROUP   M=IdTCPClient ACBP=A9
 0002:00005D84 00000004 C=BSS      S=.bss     G=DGROUP   M=IdSocks  ACBP=A9
 0002:00005D88 00000004 C=BSS      S=.bss     G=DGROUP   M=IdIOHandlerSocket ACBP=A9
 0002:00005D8C 00000004 C=BSS      S=.bss     G=DGROUP   M=IdTCPConnection ACBP=A9
 0002:00005D90 00000004 C=BSS      S=.bss     G=DGROUP   M=IdTCPStream ACBP=A9
 0002:00005D94 00000004 C=BSS      S=.bss     G=DGROUP   M=IdCoder  ACBP=A9
 0002:00005D98 00000004 C=BSS      S=.bss     G=DGROUP   M=IdCoder3to4 ACBP=A9
 0002:00005D9C 00000084 C=BSS      S=.bss     G=DGROUP   M=IdCoderMIME ACBP=A9
 0002:00005E20 00000004 C=BSS      S=.bss     G=DGROUP   M=IdCoderQuotedPrintable ACBP=A9
 0002:00005E24 00000084 C=BSS      S=.bss     G=DGROUP   M=IdCoderBinHex4 ACBP=A9
 0002:00005EA8 00000004 C=BSS      S=.bss     G=DGROUP   M=IdYarn   ACBP=A9
 0002:00005EAC 00000004 C=BSS      S=.bss     G=DGROUP   M=IdTask   ACBP=A9
 0002:00005EB0 00000004 C=BSS      S=.bss     G=DGROUP   M=IdThreadSafe ACBP=A9
 0002:00005EB4 00000004 C=BSS      S=.bss     G=DGROUP   M=IdContext ACBP=A9
 0002:00005EB8 00000004 C=BSS      S=.bss     G=DGROUP   M=IdCommandHandlers ACBP=A9
 0002:00005EBC 00000004 C=BSS      S=.bss     G=DGROUP   M=IdThread ACBP=A9
 0002:00005EC0 00000004 C=BSS      S=.bss     G=DGROUP   M=IdScheduler ACBP=A9
 0002:00005EC4 00000004 C=BSS      S=.bss     G=DGROUP   M=IdServerIOHandler ACBP=A9
 0002:00005EC8 00000004 C=BSS      S=.bss     G=DGROUP   M=IdServerIOHandlerSocket ACBP=A9
 0002:00005ECC 00000004 C=BSS      S=.bss     G=DGROUP   M=IdServerIOHandlerStack ACBP=A9
 0002:00005ED0 00000004 C=BSS      S=.bss     G=DGROUP   M=IdGlobalCore ACBP=A9
 0002:00005ED4 00000004 C=BSS      S=.bss     G=DGROUP   M=IdSchedulerOfThreadDefault ACBP=A9
 0002:00005ED8 00000004 C=BSS      S=.bss     G=DGROUP   M=IdSchedulerOfThread ACBP=A9
 0002:00005EDC 00000004 C=BSS      S=.bss     G=DGROUP   M=IdCustomTCPServer ACBP=A9
 0002:00005EE0 00000004 C=BSS      S=.bss     G=DGROUP   M=IdTCPServer ACBP=A9
 0002:00005EE4 00000004 C=BSS      S=.bss     G=DGROUP   M=IdCmdTCPServer ACBP=A9
 0002:00005EE8 00000008 C=BSS      S=.bss     G=DGROUP   M=IdSSL    ACBP=A9
 0002:00005EF0 00000004 C=BSS      S=.bss     G=DGROUP   M=IdExplicitTLSClientServerBase ACBP=A9
 0002:00005EF4 00000004 C=BSS      S=.bss     G=DGROUP   M=IdMessageCoderBinHex4 ACBP=A9
 0002:00005EF8 00000004 C=BSS      S=.bss     G=DGROUP   M=IdMessageCoderQuotedPrintable ACBP=A9
 0002:00005EFC 00000004 C=BSS      S=.bss     G=DGROUP   M=IdCoder00E ACBP=A9
 0002:00005F00 00000084 C=BSS      S=.bss     G=DGROUP   M=IdCoderUUE ACBP=A9
 0002:00005F84 00000084 C=BSS      S=.bss     G=DGROUP   M=IdCoderXXE ACBP=A9
 0002:00006008 00000004 C=BSS      S=.bss     G=DGROUP   M=IdMessageCoderUUE ACBP=A9
 0002:0000600C 00000004 C=BSS      S=.bss     G=DGROUP   M=IdMessageCoderXXE ACBP=A9
 0002:00006010 00000004 C=BSS      S=.bss     G=DGROUP   M=IdAttachmentFile ACBP=A9
 0002:00006014 00000004 C=BSS      S=.bss     G=DGROUP   M=IdText   ACBP=A9
 0002:00006018 00000004 C=BSS      S=.bss     G=DGROUP   M=IdMessageClient ACBP=A9
 0002:0000601C 00000004 C=BSS      S=.bss     G=DGROUP   M=IdMessageParts ACBP=A9
 0002:00006020 00000004 C=BSS      S=.bss     G=DGROUP   M=IdAttachment ACBP=A9
 0002:00006024 00000004 C=BSS      S=.bss     G=DGROUP   M=IdMessage ACBP=A9
 0002:00006028 00000004 C=BSS      S=.bss     G=DGROUP   M=IdMessageCoder ACBP=A9
 0002:0000602C 00000004 C=BSS      S=.bss     G=DGROUP   M=IdMessageCoderMIME ACBP=A9
 0002:00006030 00000004 C=BSS      S=.bss     G=DGROUP   M=DWDCPtypes ACBP=A9
 0002:00006034 00000004 C=BSS      S=.bss     G=DGROUP   M=DWDCPbase64 ACBP=A9
 0002:00006038 00000004 C=BSS      S=.bss     G=DGROUP   M=DWDCPcrypt2 ACBP=A9
 0002:0000603C 00000004 C=BSS      S=.bss     G=DGROUP   M=DWDCPconst ACBP=A9
 0002:00006040 00000004 C=BSS      S=.bss     G=DGROUP   M=DWDCPsha256 ACBP=A9
 0002:00006044 00000004 C=BSS      S=.bss     G=DGROUP   M=DWDCPblockciphers ACBP=A9
 0002:00006048 00000004 C=BSS      S=.bss     G=DGROUP   M=DWDCPrijndael ACBP=A9
 0002:0000604C 00000004 C=BSS      S=.bss     G=DGROUP   M=StringBuilderUnit ACBP=A9
 0002:00006050 00000004 C=BSS      S=.bss     G=DGROUP   M=IdResourceStringsUriUtils ACBP=A9
 0002:00006054 00000004 C=BSS      S=.bss     G=DGROUP   M=IdUriUtils ACBP=A9
 0002:00006058 00000004 C=BSS      S=.bss     G=DGROUP   M=IdURI    ACBP=A9
 0002:0000605C 00000094 C=BSS      S=.bss     G=DGROUP   M=IdFIPS   ACBP=A9
 0002:000060F0 00000004 C=BSS      S=.bss     G=DGROUP   M=IdHash   ACBP=A9
 0002:000060F4 00000004 C=BSS      S=.bss     G=DGROUP   M=IdHashMessageDigest ACBP=A9
 0002:000060F8 00000004 C=BSS      S=.bss     G=DGROUP   M=uAboutForm ACBP=A9
 0002:000060FC 00000004 C=BSS      S=.bss     G=DGROUP   M=uDWAbout ACBP=A9
 0002:00006100 00000004 C=BSS      S=.bss     G=DGROUP   M=IdCookie ACBP=A9
 0002:00006104 00000004 C=BSS      S=.bss     G=DGROUP   M=IdAuthentication ACBP=A9
 0002:00006108 00000004 C=BSS      S=.bss     G=DGROUP   M=IdHTTPHeaderInfo ACBP=A9
 0002:0000610C 00000004 C=BSS      S=.bss     G=DGROUP   M=IdCustomHTTPServer ACBP=A9
 0002:00006110 00000004 C=BSS      S=.bss     G=DGROUP   M=IdHTTPServer ACBP=A9
 0002:00006114 00000004 C=BSS      S=.bss     G=DGROUP   M=IdCTypes ACBP=A9
 0002:00006118 00000004 C=BSS      S=.bss     G=DGROUP   M=IdResourceStringsOpenSSL ACBP=A9
 0002:0000611C 0000001C C=BSS      S=.bss     G=DGROUP   M=IdSSLOpenSSLHeaders ACBP=A9
 0002:00006138 00000004 C=BSS      S=.bss     G=DGROUP   M=IdSSLOpenSSL ACBP=A9
 0002:0000613C 00000004 C=BSS      S=.bss     G=DGROUP   M=IdZLibCompressorBase ACBP=A9
 0002:00006140 00000004 C=BSS      S=.bss     G=DGROUP   M=IdCookieManager ACBP=A9
 0002:00006144 00000004 C=BSS      S=.bss     G=DGROUP   M=IdAuthenticationManager ACBP=A9
 0002:00006148 00000004 C=BSS      S=.bss     G=DGROUP   M=IdMultipartFormData ACBP=A9
 0002:0000614C 00000004 C=BSS      S=.bss     G=DGROUP   M=IdStruct ACBP=A9
 0002:00006150 00000004 C=BSS      S=.bss     G=DGROUP   M=IdNTLM   ACBP=A9
 0002:00006154 00000004 C=BSS      S=.bss     G=DGROUP   M=IdAuthenticationNTLM ACBP=A9
 0002:00006158 00000004 C=BSS      S=.bss     G=DGROUP   M=IdSSPI   ACBP=A9
 0002:0000615C 00000004 C=BSS      S=.bss     G=DGROUP   M=IdResourceStringsSSPI ACBP=A9
 0002:00006160 00000004 C=BSS      S=.bss     G=DGROUP   M=IdAuthenticationSSPI ACBP=A9
 0002:00006164 00000004 C=BSS      S=.bss     G=DGROUP   M=IdAuthenticationDigest ACBP=A9
 0002:00006168 00000004 C=BSS      S=.bss     G=DGROUP   M=IdAllAuthentications ACBP=A9
 0002:0000616C 00000004 C=BSS      S=.bss     G=DGROUP   M=IdHTTP   ACBP=A9
 0002:00006170 00000004 C=BSS      S=.bss     G=DGROUP   M=DBCommon ACBP=A9
 0002:00006174 00000004 C=BSS      S=.bss     G=DGROUP   M=MidConst ACBP=A9
 0002:00006178 0000001C C=BSS      S=.bss     G=DGROUP   M=DSIntf   ACBP=A9
 0002:00006194 00000004 C=BSS      S=.bss     G=DGROUP   M=Midas    ACBP=A9
 0002:00006198 00000004 C=BSS      S=.bss     G=DGROUP   M=DataBkr  ACBP=A9
 0002:0000619C 00000004 C=BSS      S=.bss     G=DGROUP   M=Provider ACBP=A9
 0002:000061A0 00000004 C=BSS      S=.bss     G=DGROUP   M=DBClient ACBP=A9
 0002:000061A4 00000004 C=BSS      S=.bss     G=DGROUP   M=PropertyPersist ACBP=A9
 0002:000061A8 00000004 C=BSS      S=.bss     G=DGROUP   M=uDWResponseTranslator ACBP=A9
 0002:000061AC 00000004 C=BSS      S=.bss     G=DGROUP   M=uDWJSONObject ACBP=A9
 0002:000061B0 00000004 C=BSS      S=.bss     G=DGROUP   M=SysTypes ACBP=A9
 0002:000061B4 00000004 C=BSS      S=.bss     G=DGROUP   M=ServerUtils ACBP=A9
 0002:000061B8 00000004 C=BSS      S=.bss     G=DGROUP   M=uDWJSONTools ACBP=A9
 0002:000061BC 00000004 C=BSS      S=.bss     G=DGROUP   M=uDWConstsCharset ACBP=A9
 0002:000061C0 00000004 C=BSS      S=.bss     G=DGROUP   M=uZlibLaz ACBP=A9
 0002:000061C4 0000000C C=BSS      S=.bss     G=DGROUP   M=uDWConsts ACBP=A9
 0002:000061D0 00000010 C=BSS      S=.bss     G=DGROUP   M=uDWJSON  ACBP=A9
 0002:000061E0 00000004 C=BSS      S=.bss     G=DGROUP   M=uDWJSONInterface ACBP=A9
 0002:000061E4 00000004 C=BSS      S=.bss     G=DGROUP   M=uRESTDWDataJSON ACBP=A9
 0002:000061E8 00000004 C=BSS      S=.bss     G=DGROUP   M=uRESTDWSerialize ACBP=A9
 0002:000061EC 00000008 C=BSS      S=.bss     G=DGROUP   M=RESTDWObjectSerialize ACBP=A9


  Address         Publics by Name

 0002:00005C28       .1
 0002:000061C0       .1
 0002:00005C20       .1
 0002:000061B8       .1
 0002:0000603C       .1
 0002:00005B0C       .1
 0002:00006050       .1
 0002:00006174       .1
 0002:00005BE4       .1
 0002:00005BE0       .1
 0002:00005BDC       .1
 0002:00005C14       .1
 0002:00005BEC       .1
 0002:00006114       .1
 0002:00006030       .1
 0002:00006034       .1
 0002:00006118       .1
 0002:00005934       .1
 0002:00005C10       .1
 0002:0000567C       .1
 0002:00005D18       .1
 0002:00005D1C       .1
 0002:00005680       .1
 0002:00005D20       .1
 0002:00006168       .1
 0002:00005AD0       .1
 0002:00005CF8       .1
 0002:00005ED0       .1
 0002:00005CF4       .1
 0002:00005A90       .1
 0002:00005920       .1
 0002:0000566C       .1
 0002:00005A80       .1
 0002:00005840       .1
 0002:00005968       .1
 0002:00005D54       .1
 0002:00005D50       .1
 0002:00005A3C       .1
 0002:00005A4C       .1
 0002:00005CF0       .1
 0002:00005A54       .1
 0002:00005A58       .1
 0002:000058FC       .1
 0002:00005A5C       .1
 0002:00006194       .1
 0002:00005A60       .1
 0002:00005674       .1
 0002:00005A64       .1
 0002:00005A68       .1
 0002:00005A6C       .1
 0002:00006150       .1
 0002:00005890       .1
 0002:0000615C       .1
 0002:00006158       .1
 0002:00005A70       .11
 0002:00005C1C       .11
 0002:00005A7C       .12
 0002:00005898       .12
 0002:00005EC8       .2
 0002:00005C24       .2
 0002:00005EC4       .2
 0002:00005ECC       .2
 0002:00005EC0       .2
 0002:00006048       .2
 0002:0000604C       .2
 0002:00005D44       .2
 0002:00005D48       .2
 0002:00005D4C       .2
 0002:0000613C       .2
 0002:00005EB4       .2
 0002:00006020       .2
 0002:00006154       .2
 0002:00005D58       .2
 0002:00005D90       .2
 0002:00005EAC       .2
 0002:00005D7C       .2
 0002:00006140       .2
 0002:00005AF4       .2
 0002:00005A88       .2
 0002:00005CEC       .2
 0002:00005EA8       .2
 0002:00006178       .2
 0002:00005D88       .2
 0002:00005D68       .2
 0002:000060EC       .2
 0002:000060F8       .2
 0002:000061A4       .2
 0002:00006014       .2
 0002:00005ED4       .2
 0002:00005938       .2
 0002:00005BD8       .2
 0002:00006010       .2
 0002:00006110       .2
 0002:00005EE4       .2
 0002:00005D10       .2
 0002:00005D14       .2
 0002:000058F4       .2
 0002:00005D8C       .2
 0002:000061B0       .2
 0002:00005D34       .2
 0002:00006040       .2
 0002:000058F8       .21
 0002:00005EB0       .21
 0002:00005EF0       .21
 0002:00005D84       .3
 0002:0000600C       .3
 0002:00005D80       .3
 0002:00005678       .3
 0002:00006170       .3
 0002:00006198       .3
 0002:00005EF4       .3
 0002:00005ED8       .3
 0002:00006164       .3
 0002:00005AC4       .3
 0002:000060FC       .3
 0002:00005E20       .3
 0002:00005EF8       .3
 0002:00005EFC       .3
 0002:00006058       .3
 0002:000061E8       .3
 0002:00005B9C       .3
 0002:00005940       .3
 0002:00005848       .3
 0002:000061F0       .3
 0002:00005C30       .3
 0002:00006018       .3
 0002:00005944       .3
 0002:00005D40       .3
 0002:00005BE8       .3
 0002:00005F80       .3
 0002:00005D98       .3
 0002:00006044       .3
 0002:00006004       .3
 0002:00005EE0       .3
 0002:00005D0C       .3
 0002:00005D94       .3
 0002:00005D6C       .3
 0002:000061B4       .31
 0002:000061A0       .31
 0002:000061E4       .31
 0002:00005D08       .31
 0002:00005794       .35
 0002:00005C0C       .36
 0002:00005AE4       .36
 0002:00005D38       .36
 0002:0000601C       .4
 0002:000061CC       .4
 0002:000061BC       .4
 0002:00006104       .4
 0002:00005D74       .4
 0002:00005D70       .4
 0002:00005A94       .4
 0002:00005D60       .4
 0002:00005D5C       .4
 0002:00005D3C       .4
 0002:00005EB8       .4
 0002:00005A50       .4
 0002:00005E1C       .4
 0002:00006144       .4
 0002:0000614C       .4
 0002:00005D00       .4
 0002:00005D78       .4
 0002:00005BC0       .41
 0002:00005BF0       .41
 0002:00006160       .41
 0002:00005AFC       .42
 0002:00005858       .45
 0002:000060F4       .5
 0002:00005CFC       .5
 0002:00006100       .5
 0002:000055BC       .5
 0002:00005EEC       .5
 0002:00005D64       .5
 0002:000057FC       .5
 0002:00005EA4       .5
 0002:00005ACC       .5
 0002:0000619C       .51
 0002:00005844       .6
 0002:00006024       .6
 0002:00006008       .6
 0002:00006054       .6
 0002:00005EBC       .6
 0002:0000597C       .6
 0002:000060F0       .6
 0002:000061A8       .6
 0002:0000602C       .6
 0002:00005C2C       .61
 0002:0000610C       .61
 0002:00005EDC       .7
 0002:00006028       .7
 0002:00005C18       .7
 0002:00006038       .7
 0002:00006138       .72
 0002:00005AD4       .72
 0002:00005B20       .72
 0002:00005B00       .73
 0002:00005D2C       .8
 0002:000061E0       .8
 0002:00005B98       .8
 0002:0000616C       .8
 0002:00006148       .8
 0002:00006108       .8
 0002:00005AC8       .8
 0002:00005AE0       .8
 0002:00005820       .81
 0002:000061AC       .9
 0002:00005BB0       .9
 0002:00006130       .9
 0002:000061D4       .91
 0001:00001DBC       @AbstractError
 0001:00002964       @AfterConstruction
 0001:000027A8       @AsClass
 0001:0000337C       @Assert
 0001:00001F60       @AStrCmp
 0001:00002974       @BeforeDestruction
 0001:00002520       @BoundErr
 0001:000027F4       @CallDynaInst
 0001:0000290C       @ClassCreate
 0001:0000295C       @ClassDestroy
 0001:00001E2C       @Close
 0001:00001CC4       @Copy
 0001:00004108       @CopyArray
 0001:00003FEC       @CopyRecord
 0001:00004250       @DispCallByIDError
 0001:0000F74C       @DispInvokeError
 0001:00002DF0       @DoneExcept
 0001:00004808       @DynArrayAsg
 0001:000047CC       @DynArrayClear
 0001:000046AC       @DynArrayCopy
 0001:000046CC       @DynArrayCopyRange
 0001:000044CC       @DynArrayHigh
 0001:000044C4       @DynArrayLength
 0001:000046A0       @DynArraySetLength
 0001:00002ED8       @ExceptionHandler
 0001:00001FD0       @FillChar
 0001:00003FC8       @Finalize
 0001:00003EDC       @FinalizeArray
 0001:00003E90       @FinalizeRecord
 0001:00002514       @FpuInit
 0001:00002450       @FpuMaskInit
 0001:00001B38       @FreeMem
 0001:00001B08       @GetMem
 0001:00005650       @GetTls
 0001:00003364       @Halt
 0001:00003284       @Halt0
 0001:00002A88       @HandleAnyException
 0001:00002D3C       @HandleFinally
 0001:00002BB4       @HandleOnException
 0001:0000569C       @InitExe
 0001:00003DFC       @InitializeArray
 0001:00003DCC       @InitializeRecord
 0001:0000312C       @InitImports
 0001:00003104       @InitResStringImports
 0001:000030E0       @InitResStrings
 0001:00003150       @InitWideStrings
 0001:00004F94       @IntfAddRef
 0001:00004F64       @IntfCast
 0001:00004F20       @IntfClear
 0001:00004F38       @IntfCopy
 0001:00002528       @IntOver
 0001:00002784       @IsClass
 0001:00002420       @isNECWindows
 0001:000038E0       @LStrAddRef
 0001:00003444       @LStrArrayClr
 0001:00003474       @LStrAsg
 0001:000036F8       @LStrCat
 0001:0000373C       @LStrCat3
 0001:000037B0       @LStrCatN
 0001:00003420       @LStrClr
 0001:0000383C       @LStrCmp
 0001:00003950       @LStrCopy
 0001:00003990       @LStrDelete
 0001:000036A0       @LStrFromArray
 0001:00003608       @LStrFromChar
 0001:00003628       @LStrFromPChar
 0001:00003510       @LStrFromPCharLen
 0001:00003658       @LStrFromPWChar
 0001:0000357C       @LStrFromPWCharLen
 0001:00003694       @LStrFromString
 0001:00003618       @LStrFromWChar
 0001:000036B8       @LStrFromWStr
 0001:000039D8       @LStrInsert
 0001:000034B8       @LStrLAsg
 0001:000036F0       @LStrLen
 0001:00003AE0       @LStrOfChar
 0001:00003A34       @LStrPos
 0001:00003A7C       @LStrSetLength
 0001:000038F0       @LStrToPChar
 0001:000036CC       @LStrToString
 0001:000034E4       @NewAnsiString
 0001:00003B14       @NewWideString
 0001:00002134       @Pow10
 0001:00001EDC       @PStrCmp
 0001:00001EB4       @PStrCpy
 0001:00001E84       @PStrNCat
 0001:00001EC0       @PStrNCpy
 0001:00002D9C       @RaiseAgain
 0001:00002D74       @RaiseExcept
 0001:00001B58       @ReallocMem
 0001:00001D8C       @ROUND
 0001:00003370       @RunError
 0001:000020F4       @SetElem
 0001:00002118       @SetEq
 0001:000030A0       @StartExe
 0001:0000037C       @strlen
 0001:00001D98       @TRUNC
 0001:00002E20       @TryFinallyExit
 0001:00003948       @UniqueStringA
 0001:000042A0       @ValInt64
 0001:00001FF0       @ValLong
 0001:00014188       @VarAddRef
 0001:000147DC       @VarArrayGet
 0001:000148CC       @VarArrayPut
 0001:000102C0       @VarCast
 0001:0000FA38       @VarClear
 0001:00003EC4       @VarClr
 0001:0000FA4C       @VarClr
 0001:00003FD4       @VarCopy
 0001:0000FD74       @VarCopy
 0001:0000FFF4       @VarCopyNoInd
 0001:00014018       @VarFromBool
 0001:00013EA4       @VarFromByte
 0001:00014068       @VarFromCurr
 0001:00013FC0       @VarFromCurrency
 0001:00013FEC       @VarFromDate
 0001:0001415C       @VarFromDisp
 0001:00013F94       @VarFromDouble
 0001:00013E48       @VarFromInt
 0001:00013F44       @VarFromInt64
 0001:00013E84       @VarFromInteger
 0001:00014130       @VarFromIntf
 0001:00013EE4       @VarFromLongWord
 0001:0001407C       @VarFromLStr
 0001:000140A8       @VarFromPStr
 0001:00014040       @VarFromReal
 0001:00013F04       @VarFromShortInt
 0001:00013F70       @VarFromSingle
 0001:00013F24       @VarFromSmallInt
 0001:00014054       @VarFromTDateTime
 0001:00013EC4       @VarFromWord
 0001:000140F8       @VarFromWStr
 0001:0000F7A0       @VarNull
 0001:00010008       @VarStringToOleStr
 0001:00011A8C       @VarToBool
 0001:00011744       @VarToBoolean
 0001:00010B84       @VarToByte
 0001:00012930       @VarToCurrency
 0001:000123C8       @VarToDate
 0001:00013D9C       @VarToDisp
 0001:00011C58       @VarToDouble
 0001:00011148       @VarToInt64
 0001:00010684       @VarToInteger
 0001:00013CD0       @VarToIntf
 0001:00010DFC       @VarToLongWord
 0001:00012FE4       @VarToLStr
 0001:00011FD4       @VarToReal
 0001:00010AD4       @VarToShortInt
 0001:00011FF0       @VarToSingle
 0001:00010C2C       @VarToSmallInt
 0001:00010D24       @VarToWord
 0001:00013704       @VarToWStr
 0001:00003B54       @WStrArrayClr
 0001:00003B78       @WStrAsg
 0001:00003B3C       @WStrClr
 0001:00003CB4       @WStrCmp
 0001:00003D38       @WStrCopy
 0001:00003C88       @WStrFromLStr
 0001:00003B9C       @WStrFromPCharLen
 0001:00003C4C       @WStrFromPWChar
 0001:00003C28       @WStrFromPWCharLen
 0001:00003CA8       @WStrLen
 0001:00003D84       @WStrSetLength
 0001:00003C98       @WStrToPWChar
 0001:000020D0       @_CLenToPasStr
 0001:000020C4       @_CToPasStr
 0001:00001C94       @_IOTest
 0001:00004258       @_llmul
 0001:0000427C       @_llmulo
 0001:0000C09C       Abort
 0001:00034DBC       AbsMin
 0001:0000C468       AbstractErrorHandler
 0002:0000502C       AbstractErrorProc
 0002:00001124       accept
 0002:000012D4       AcceptEx
 0002:00000140       AccessMode
 0001:00001BF4       AcquireExceptionObject
 0001:0001A3B0       ActivateClassGroup
 0001:00005CA4       ActivateKeyboardLayout
 0002:00005B54       ActiveDrag
 0001:00017DE8       ActiveX
 0001:00043E94       ActnList
 0001:000004DC       AddBlockAfter
 0001:0005A0BC       AddChars
 0002:000004D4       AddDataModule
 0001:0005C240       AddDigit
 0001:0000754C       AddExitProc
 0001:0001E110       AddFinished
 0001:000471D8       AddIn
 0001:00004D78       AddModuleUnloadProc
 0001:00004D88       AddModuleUnloadProc
 0001:0005B7A8       AddNormalizedFractions
 0001:0001E148       AddNotFinished
 0001:0005C224       AddOneChar
 0001:0005A178       AddStrings
 0001:0001EB6C       AddSubComponentsToLoaded
 0001:00020F80       AddThread
 0002:00000EE0       AdjustAmt
 0002:00000EE8       AdjustAmt
 0002:00000EF0       AdjustAmt
 0002:00000EF8       AdjustAmt
 0001:00026280       AdjustColor
 0001:0005ABD4       AdjustDecimalPosition
 0001:000079C8       AdjustLineBreaks
 0001:0004E27C       Adjustment
 0001:0005BB00       AdjustNibbles
 0001:0007969C       AdjustStreamSize
 0001:00005CAC       AdjustWindowRectEx
 0002:00000D80       Alignments
 0002:00000D90       Alignments
 0002:00000B28       Alignments
 0001:0003A3E8       AlignWork
 0001:000551C0       AlignWork
 0001:00022768       AllocateHWnd
 0001:000074F0       AllocMem
 0002:000055B4       AllocMemCount
 0002:000055B8       AllocMemSize
 0001:00029CF0       AllocPatternBitmap
 0001:000055F8       AllocTlsBuffer
 0002:00000B6C       AnchorAlign
 0002:00000B60       AnimateWindowProc
 0002:00000C68       AnimationStyle
 0001:00007754       AnsiCompareStr
 0001:0000778C       AnsiCompareText
 0001:000078B4       AnsiExtractQuotedStr
 0001:0000817C       AnsiLastChar
 0001:00005CB4       AnsiLower
 0001:00007720       AnsiLowerCase
 0001:0000CDF4       AnsiPos
 0001:0004BA60       AnsiSameCaption
 0001:000077C4       AnsiSameText
 0001:000077DC       AnsiStrLIComp
 0001:0000CE30       AnsiStrPos
 0001:0000CEF0       AnsiStrRScan
 0001:0000CF38       AnsiStrScan
 0001:00005394       AnsiToUtf8
 0001:000076EC       AnsiUpperCase
 0001:00013C58       AnyToIntf
 0001:00062C60       AppendByte
 0001:00062C00       AppendBytes
 0001:0000A338       AppendChars
 0001:0000A704       AppendFormat
 0001:0000A39C       AppendNumber
 0001:0000A37C       AppendString
 0002:00005BB8       Application
 0002:000004E4       ApplicationHandleException
 0002:000004EC       ApplicationShowException
 0002:00000EBC       AppVisible
 0002:0000362C       ASN1_dup
 0002:0000361C       ASN1_INTEGER_get
 0002:00003618       ASN1_INTEGER_set
 0002:00003620       ASN1_INTEGER_to_BN
 0002:00003628       ASN1_STRING_free
 0002:00003624       ASN1_STRING_type_new
 0001:0000C44C       AssertErrorHandler
 0002:00005024       AssertErrorProc
 0001:000174E0       AssignLongStr
 0001:00017B5C       AssignVariant
 0002:0000337C       AuthList
 0002:0000560C       avail
 0001:0007621C       B64
 0001:000082C0       BackfillGetDiskFreeSpaceEx
 0001:00037950       BackgroundClipped
 0001:0000E528       BackupVarBoolFromStr
 0001:0000E688       BackupVarBStrFromBool
 0001:0000E5A8       BackupVarBStrFromCy
 0001:0000E618       BackupVarBStrFromDate
 0001:0000E4BC       BackupVarCyFromStr
 0001:0000E450       BackupVarDateFromStr
 0001:0000E30C       BackupVarI4FromStr
 0001:0000E2B8       BackupVariantChangeTypeEx
 0001:0000E378       BackupVarR4FromStr
 0001:0000E3E4       BackupVarR8FromStr
 0002:000031BC       base64_tbl
 0001:0005C0D4       BcdAdd
 0001:0005BCB0       BcdCompare
 0001:0005BF18       BcdDivide
 0001:0005C068       BcdDivide
 0001:000593F0       BcdError
 0001:00059380       BcdErrorFmt
 0001:0005BEAC       BcdMultiply
 0001:0005BDB4       BcdMultiply
 0001:0005C548       BcdScale
 0001:0005BD78       BcdSubtract
 0001:0005C5E0       BCDToCurr
 0001:00059C90       BcdToDouble
 0001:0005C404       BcdToStr
 0001:0001A708       BeginGlobalLoading
 0001:00005CBC       BeginPaint
 0001:000033D4       BeginThread
 0001:0002628C       BetterSize
 0001:0004806C       BiDiDraw
 0002:00001128       bind
 0002:00003448       BIO_ctrl
 0002:00003430       BIO_free
 0002:00003434       BIO_free_all
 0002:00003598       BIO_f_base64
 0002:0000359C       BIO_f_cipher
 0002:00003594       BIO_f_md
 0002:000035A0       BIO_f_reliable
 0002:00003444       BIO_get_ex_data
 0002:00003450       BIO_int_ctrl
 0002:0000341C       BIO_new
 0002:00003454       BIO_new_file
 0002:00003420       BIO_new_mem_buf
 0002:00003428       BIO_pop
 0002:0000344C       BIO_ptr_ctrl
 0002:00003424       BIO_push
 0002:00003458       BIO_puts
 0002:0000345C       BIO_read
 0002:000035A4       BIO_set_cipher
 0002:00003440       BIO_set_ex_data
 0002:00003418       BIO_set_flags
 0002:0000342C       BIO_set_next
 0002:0000343C       BIO_s_file
 0002:00003438       BIO_s_mem
 0002:00003460       BIO_write
 0001:00005AF4       BitBlt
 0002:00000A2C       BitBtnCaptions
 0002:00005A98       BitBtnGlyphs
 0002:000007F0       BitmapCanvasList
 0002:000058B0       BitmapImageLock
 0001:0000E2F4       BiUnimplemented
 0001:0005AA70       BlankArgument
 0002:0000050C       BlockCode
 0002:000055E4       blockDescBlockList
 0002:000055E8       blockDescFreeList
 0002:00003470       BN_bn2dec
 0002:00003474       BN_bn2hex
 0002:0000346C       BN_free
 0002:00003464       BN_hex2bn
 0002:00003468       BN_new
 0002:00003478       BN_set_word
 0002:000004B8       BooleanIdents
 0002:00000430       BooleanToStringRule
 0001:00007F9C       BoolToStr
 0001:00012D6C       BoolToWStrViaOS
 0002:00000AF0       BorderStyles
 0001:000196C8       Bounds
 0001:0000573C       Bounds
 0002:00000D28       Breaks
 0002:000058E8       BrushManager
 0001:0004A840       BuildImage
 0001:0009987C       BuildType1Message
 0001:00099A24       BuildType3Message
 0001:00099718       BuildUnicode
 0002:00000888       ButtonCaptions
 0002:0000085C       ButtonNames
 0002:00000DA4       Buttons
 0001:0002DA30       Buttons
 0002:00000B58       ButtonStyles
 0001:000630CC       ByteIdxInSet
 0001:00063098       ByteIndex
 0001:00063144       ByteIsInEOL
 0001:00063128       ByteIsInSet
 0001:00025A58       BytesPerScanline
 0001:00062394       BytesToInt32
 0001:00062430       BytesToInt64
 0001:00062584       BytesToIPv4Str
 0001:000626C8       BytesToIPv6
 0001:0006293C       BytesToRaw
 0001:00062774       BytesToString
 0001:000627E8       BytesToString
 0001:00062900       BytesToStringRaw
 0001:000628E8       BytesToStringRaw
 0001:000624E4       BytesToUInt16
 0001:00025DBC       ByteSwapColors
 0001:0000CB24       ByteToCharIndex
 0001:0000CAFC       ByteToCharLen
 0001:00060658       ByteToHex
 0001:0000CAC0       ByteType
 0001:0000CA48       ByteTypeTest
 0002:00005BA0       CachedComCtrlVer
 0001:000226A4       CalcJmpOffset
 0001:00041F1C       CalcSplitterPos
 0001:00099530       calc_resp
 0002:00003CB0       CallbackLockList
 0001:00005CC4       CallNextHookEx
 0002:00003CB4       cAllowedContentTransfers
 0002:00003CC8       cAllowedHeaderEncodings
 0001:0000D744       CallTerminateProcs
 0001:00005CCC       CallWindowProc
 0001:00035DF4       CancelDrag
 0001:0005AA00       CanUseShort
 0002:000058EC       CanvasList
 0002:00005B68       CanvasList
 0002:00000848       Captions
 0002:00000C24       CaptureControl
 0002:00000CC8       cBooleanToItemAutoFlag
 0002:00005A86       CF_COMPONENT
 0002:00005A84       CF_PICTURE
 0002:00005818       ChangeAnyProc
 0002:00000B08       CharCases
 0001:0006303C       CharEquals
 0001:00003540       CharFromWChar
 0001:0006301C       CharIsInSet
 0001:0000CD08       CharLength
 0001:00005CD4       CharLowerBuff
 0001:00005CDC       CharNext
 0001:000002EC       CharNext
 0001:00062FA0       CharPosInSet
 0001:00072500       CharRange
 0001:00071BF8       CharsetToCodePage
 0001:00073AFC       CharsetToEncoding
 0001:000243DC       CharsetToIdent
 0001:0000CC10       CharToByteIndex
 0001:0000CC74       CharToByteLen
 0001:00082D58       CharToHex
 0001:00005CE4       CharToOemA
 0001:00005CEC       CharUpperBuff
 0001:00026848       CheckBool
 0001:0005E83C       CheckByteEncoding
 0001:0007AD9C       CheckIsReadable
 0001:00002A04       CheckJmp
 0001:000893A4       CheckMD4Permitted
 0001:000893C8       CheckMD5Permitted
 0001:00005CF4       CheckMenuItem
 0002:00000D18       Checks
 0001:00058F6C       CheckSqlTimeStamp
 0001:0001EBA8       CheckSubComponents
 0001:00020F98       CheckSynchronize
 0001:0004DCB8       CheckTaskWindow
 0001:00035AA8       CheckUndock
 0001:0000C93C       CheckWin32Version
 0002:0000324C       cImportanceStrs
 0002:00000434       CInvalidCustomVariantType
 0002:00000CCC       cItemAutoFlagToBoolean
 0002:00000CC4       cItemAutoFlagToMenu
 0001:000228F4       Classes
 0001:0001A174       ClassNotFound
 0001:00093CDC       CleanupRandom
 0002:00005814       ClearAnyProc
 0001:00023C5C       ClearColor
 0001:0005D270       ClearExcepInfo
 0001:000153B8       ClearVariantTypeList
 0001:00005CFC       ClientToScreen
 0001:0003F504       ClientToWindow
 0002:000007E8       ClipboardFormats
 0001:0002D8D0       Clipbrd
 0001:00005874       CloseHandle
 0001:00067E1C       CloseIDNLibrary
 0001:00066D08       CloseLibrary
 0002:0000112C       closesocket
 0002:00005984       CloseThemeData
 0002:00005040       CmdLine
 0002:0000503C       CmdShow
 0002:00000CC0       cMenuAutoFlagToItem
 0001:0000E300       CmpUnimplemented
 0002:000061D0       CNULL
 0002:00000F44       CoAddRefServerProcess
 0002:00000F3C       CoCreateInstanceEx
 0002:00000F54       CoInitFlags
 0001:00017D8C       CoInitialize
 0002:00000F40       CoInitializeEx
 0002:00000568       Colors
 0001:000241D4       ColorToIdent
 0002:000008B4       ColorToPretyName
 0001:000241C4       ColorToRGB
 0002:00005BF8       ComClassManagerVar
 0001:0005C720       ComConst
 0002:00005AF0       ComCtlVersion
 0001:0002DDD4       ComCtrls
 0002:00005BB4       CommandPool
 0001:0002A2E4       CommCtrl
 0001:0002CB58       CommDlg
 0001:0000085C       Commit
 0002:00005628       committedRoot
 0001:0005D538       ComObj
 0001:0005BA80       CompactBcd
 0001:00059E5C       CompareDigits
 0001:000467BC       CompareFront
 0001:00007654       CompareMem
 0001:0005B860       CompareNormalizedFractions
 0001:00007624       CompareStr
 0001:0000587C       CompareString
 0001:00007674       CompareText
 0001:00007EC4       CompareWith
 0001:0001EC88       ComponentCreated
 0001:0002D88C       ComStrs
 0002:00001130       connect
 0002:000012E0       ConnectEx
 0001:00022C18       Consts
 0002:000061D8       CONST_FALSE
 0002:000061DC       CONST_TRUE
 0001:0002A1F0       Contnrs
 0002:00005B26       ControlAtom
 0002:00005B2C       ControlAtomString
 0001:00052A64       ControlHasHelp
 0001:00042B9C       Controls
 0001:0000BE2C       ConvertAddr
 0001:0000A490       ConvertEraString
 0001:000074B4       ConvertError
 0001:000074CC       ConvertErrorFmt
 0002:000013A8       ConvertLengthToIpv4Mask
 0001:0000A5FC       ConvertYearString
 0001:000044D4       CopyArray
 0001:00027320       CopyBitmap
 0001:000279E8       CopyBitmapAsMask
 0001:00027984       CopyPalette
 0002:00000A8C       Copyright
 0001:000607F0       CopyTIdBytes
 0001:000608C4       CopyTIdUInt16
 0001:000608CC       CopyTIdUInt32
 0001:000498EC       CopyToBest
 0002:00000F48       CoReleaseServerProcess
 0002:00000F4C       CoResumeClassObjects
 0002:00000F50       CoSuspendClassObjects
 0001:00017D94       CoUninitialize
 0001:0000CB80       CountChars
 0002:000058C8       CounterLock
 0002:00003238       cPriorityStrs
 0002:00003DC0       cProtectFiles
 0002:00003CDC       cProtocolStr
 0002:00000438       CRangeToType
 0001:0000C390       CreateAssertException
 0001:0000C518       CreateAVObject
 0001:00005AFC       CreateBitmap
 0001:00005B04       CreateBrushIndirect
 0001:00005B0C       CreateCompatibleBitmap
 0001:00005B14       CreateCompatibleDC
 0001:0001ED08       CreateComponent
 0001:00005B24       CreateDIBitmap
 0001:00005B1C       CreateDIBSection
 0001:00005884       CreateEvent
 0001:0000588C       CreateFile
 0001:00005B2C       CreateFontIndirect
 0001:00005B34       CreateHalftonePalette
 0001:00005D04       CreateIcon
 0001:0000C2BC       CreateInOutError
 0001:00005D0C       CreateMenu
 0001:00099770       CreateNTPassword
 0001:00005B3C       CreatePalette
 0001:00005B44       CreatePenIndirect
 0001:00005D14       CreatePopupMenu
 0001:00005B4C       CreateSolidBrush
 0001:00025E14       CreateSystemPalette
 0001:000002F4       CreateThread
 0001:00005894       CreateThread
 0001:000062B0       CreateWindow
 0001:00006258       CreateWindowEx
 0002:00000840       CreationControl
 0002:00000B64       CreationControl
 0002:000004A4       CRelationshipToBoolean
 0002:0000041C       CResult
 0002:00003DC8       CROTINA_NAO_IMPLEMENTADA
 0002:00003C34       CRYPTO_cleanup_all_ex_data
 0002:000033C8       CRYPTO_free
 0002:000033C4       CRYPTO_malloc
 0002:000033D0       CRYPTO_mem_ctrl
 0002:000033CC       CRYPTO_mem_leaks
 0002:00003BA4       CRYPTO_set_locking_callback
 0002:000033D4       CRYPTO_set_mem_debug_functions
 0002:000033C0       CRYPTO_set_mem_functions
 0002:000031B8       csAddressSpecials
 0002:00000138       cSimpleBoolStrs
 0002:0000044C       CText
 0002:00002B14       cTimeZones
 0002:00000C60       Ctl3DStyles
 0002:00005620       curAlloc
 0002:0000568C       CurrencyDecimals
 0002:00005688       CurrencyFormat
 0002:00005684       CurrencyString
 0001:0000A324       CurrentYear
 0001:0005C554       CurrToBCD
 0001:00009D18       CurrToStr
 0001:00012CFC       CurrToWStrViaOS
 0002:00000E40       CursorMap
 0002:00000B74       Cursors
 0001:00034694       CursorToIdent
 0002:00000E30       cUseAlpha
 0002:00000E38       cUseColorKey
 0002:00000314       CVarTypeToElementInfo
 0001:00007BD4       CvtInt
 0001:00007C40       CvtInt64
 0002:00000178       CWNear
 0002:00000F38       CWNear
 0002:0000017C       CWNear
 0002:00003A10       d2i_AutoPrivateKey
 0002:0000367C       d2i_DHparams
 0002:00003684       d2i_DSAparams
 0002:00003664       d2i_DSAPrivateKey
 0002:0000368C       d2i_NETSCAPE_CERT_SEQUENCE
 0002:000036A0       d2i_PKCS12_bio
 0002:00003674       d2i_PKCS7
 0002:0000366C       d2i_PrivateKey
 0002:00003B7C       d2i_PrivateKey_bio
 0002:00003A08       d2i_PublicKey
 0002:00003654       d2i_RSAPrivateKey
 0002:0000365C       d2i_RSAPublicKey
 0002:00003634       d2i_X509
 0002:00003690       d2i_X509_bio
 0002:0000364C       d2i_X509_CRL
 0002:0000363C       d2i_X509_NAME
 0002:00003644       d2i_X509_REQ
 0001:0009D828       DataBkr
 0002:0000568D       DateSeparator
 0001:00058E9C       DateTimeToSQLTimeStamp
 0001:0000AF38       DateTimeToStr
 0001:0000AEDC       DateTimeToString
 0001:00009EB0       DateTimeToTimeStamp
 0001:00012D34       DateToWStrViaOS
 0001:0005825C       DateUtils
 0001:0000A2AC       DayOfWeek
 0001:000581F4       DaysInAMonth
 0001:0005DA0C       DB
 0002:00005C08       DBApplication
 0001:0009D998       DBClient
 0002:00003D84       DbClientHandle
 0001:0009D71C       DBCommon
 0001:000582B4       DBConsts
 0002:00005C04       DBScreen
 0002:00000174       DCon10
 0002:00000564       DDBsOnly
 0001:0002281C       DeallocateHWnd
 0002:00000028       DebugHook
 0002:0000568B       DecimalSeparator
 0001:00014BA4       DecIndices
 0001:0000A28C       DecodeDate
 0001:0000A13C       DecodeDateFully
 0001:00076660       DecodeHeader
 0001:00075784       DecodeHeaderData
 0001:00009FA4       DecodeTime
 0001:0000091C       Decommit
 0001:00001048       DecommitFree
 0002:000055FC       decommittedRoot
 0001:00055DFC       Default
 0001:000506E4       Default
 0002:00000020       Default8087CW
 0002:00000B68       DefaultDockTreeClass
 0002:000055C0       DefaultUserCodePage
 0002:000007B8       DefBrushData
 0001:00089478       DefFinalHashInst
 0001:000894AC       DefFinalHMACInst
 0002:00000538       DefFontData
 0001:00005D1C       DefFrameProc
 0001:00089458       DefGetFIPSMode
 0001:00089468       DefGetHashInst
 0001:0008949C       DefGetHMACInst
 0001:00089460       DefIsHashingIntfAvail
 0001:00089464       DefIsHashIntfAvail
 0001:00089494       DefIsHMACAvail
 0001:00089498       DefIsHMACIntfAvail
 0002:00000208       DefLongDayNames
 0002:000001BC       DefLongMonthNames
 0001:00005D24       DefMDIChildProc
 0002:00000798       DefPenData
 0001:0008945C       DefSetFIPSMode
 0002:000001EC       DefShortDayNames
 0002:0000018C       DefShortMonthNames
 0001:00089474       DefUpdateHashInst
 0001:000894A8       DefUpdateHMACInst
 0001:00005D2C       DefWindowProc
 0001:00004860       DelayLoadResourceModule
 0001:00000538       DeleteBlock
 0001:0000589C       DeleteCriticalSection
 0001:00000448       DeleteCriticalSection
 0001:00005B54       DeleteDC
 0001:00000E30       DeleteFree
 0001:00005D34       DeleteMenu
 0001:00005B5C       DeleteObject
 0001:00026EDC       DeselectBitmap
 0001:00005D3C       DestroyCursor
 0001:00005D44       DestroyIcon
 0001:0002D960       DestroyLocals
 0001:00005D4C       DestroyMenu
 0001:00005D54       DestroyWindow
 0002:00003BB0       DES_ecb_encrypt
 0002:00003BAC       DES_set_key
 0002:00003BA8       DES_set_odd_parity
 0002:0000347C       DH_free
 0001:00032058       DialogEnumerationTester
 0001:0002D1C8       Dialogs
 0002:000007F4       DIBPalSizes
 0002:0000008C       dig
 0001:0009E508       DigitValue
 0001:0004DAF4       DisableTaskWindows
 0002:000012E4       DisconnectEx
 0001:0005CC84       DispatchInvoke
 0001:0005D264       DispatchInvokeError
 0001:00005D5C       DispatchMessage
 0001:00053D44       DispatchShortCut
 0001:0005D280       DispCall
 0001:0005D364       DispCallByID
 0002:00005000       DispCallByIDProc
 0001:0005D190       DispCallError
 0001:00007498       DivMod
 0001:0002CB90       Dlgs
 0001:00055074       DoAlign
 0001:0003A278       DoAlign
 0001:0003E32C       DoCalcConstraints
 0002:00005B5C       DockSiteList
 0001:0004A50C       DoClick
 0001:0007C498       DoConnectTimeout
 0001:0003B9BC       DoControlMsg
 0001:0004DAA4       DoDisableWindow
 0001:000353D4       DoDragOver
 0001:00007510       DoExitProc
 0001:000401F0       DoFindControlZone
 0001:0004DBF8       DoFindWindow
 0001:0004077C       DoFindZone
 0001:00040274       DoForEach
 0001:00041B80       DoGetNextLimit
 0001:0004DA6C       DoneApplication
 0001:000428E0       DoneControls
 0001:0000C84C       DoneExceptions
 0001:000520C0       DoNestedActivation
 0001:00020F34       DoneThreadSynchronization
 0001:00057118       DoOnHelp
 0001:00054EC4       DoPosition
 0001:00039E38       DoPosition
 0001:000411A8       DoPrune
 0001:00086D08       DoReadLnFromStream
 0001:00041680       DoSaveZone
 0001:00041884       DoSetNewBounds
 0002:000004C0       DotSep
 0002:00001354       DownlevelGetLocaleScripts
 0002:00001358       DownlevelGetStringScripts
 0002:0000135C       DownlevelVerifyScripts
 0001:00026AA0       DoWrite
 0001:0001BCE4       DoWrite
 0001:00044E1C       DoWrite
 0001:0003AFA4       DoWriteDesignSize
 0001:00038A50       DoWriteIsControl
 0002:00005B40       DragCapture
 0002:00005B34       DragControl
 0001:00035B1C       DragDone
 0001:00035384       DragFindTarget
 0001:00035358       DragFindWindow
 0002:00005B58       DragImageList
 0001:00035774       DragInit
 0001:000358E4       DragInitControl
 0002:00005B3C       DragInternalObject
 0001:000352A0       DragMessage
 0002:00005B38       DragObject
 0002:00005B64       DragSave
 0002:00005B4C       DragSaveCursor
 0002:00005B44       DragStartPos
 0002:00005B50       DragThreshold
 0001:000354A4       DragTo
 0001:00055E38       DrawAppIcon
 0001:00040D14       DrawCloseButton
 0001:00005D64       DrawEdge
 0001:00005D6C       DrawFrameControl
 0001:00040D6C       DrawGrabberLine
 0001:00005D74       DrawIcon
 0001:00005D7C       DrawIconEx
 0002:00000C9C       DrawingStyles
 0001:00005D84       DrawMenuBar
 0001:0004B87C       DrawMenuItem
 0001:00005D8C       DrawText
 0002:00005988       DrawThemeBackground
 0002:000059AC       DrawThemeEdge
 0002:000059B0       DrawThemeIcon
 0002:00005A34       DrawThemeParentBackground
 0002:0000598C       DrawThemeText
 0001:0009D7AC       DSIntf
 0002:000037F0       DTLSv1_client_method
 0002:000037E8       DTLSv1_method
 0002:000037EC       DTLSv1_server_method
 0001:000258D8       DupBits
 0001:00088A84       DWDCPbase64
 0001:00088B64       DWDCPblockciphers
 0001:00088AF4       DWDCPconst
 0001:00088ABC       DWDCPcrypt2
 0001:00088B9C       DWDCPrijndael
 0001:00088B2C       DWDCPsha256
 0001:00088A4C       DWDCPtypes
 0001:00014B4C       DynArrayBounds
 0001:000044EC       DynArrayClear
 0001:00014AA4       DynArrayDim
 0001:00014A80       DynArrayElTypeInfo
 0001:0001504C       DynArrayFromVariant
 0001:00014A3C       DynArrayIndex
 0001:000044F4       DynArraySetLength
 0001:00014ACC       DynArraySize
 0001:00014CC8       DynArrayToVariant
 0001:00014C10       DynArrayVariantBounds
 0001:00014C80       DynArrayVarType
 0002:00000D88       EdgeStyle
 0002:00000C50       EdgeStyles
 0001:0000C290       EHeapException.FreeInstance
 0001:0005DF4C       EIdException.Create
 0001:0008C24C       EIdOpenSSLAPICryptoError.RaiseException
 0001:0008C268       EIdOpenSSLAPICryptoError.RaiseExceptionCode
 0001:0008C310       EIdOpenSSLAPISSLError.RaiseException
 0001:0008C340       EIdOpenSSLAPISSLError.RaiseExceptionCode
 0001:0007C1EC       EIdReplyRFCError.CreateError
 0001:0006BAF0       EIdSocketError.CreateError
 0001:00063DE4       EIdWinsockStubError.Build
 0002:00000B24       Empty
 0002:00005800       EmptyParam
 0002:000000BC       EmptyStr
 0002:000000C0       EmptyWideStr
 0001:00005D94       EnableMenuItem
 0002:00000D20       Enables
 0001:00005D9C       EnableScrollBar
 0001:0004DBA8       EnableTaskWindows
 0002:00005A1C       EnableThemeDialogTexture
 0002:00005A38       EnableTheming
 0001:00005DA4       EnableWindow
 0001:0005DAC8       EncdDecd
 0001:0000A10C       EncodeDate
 0001:00009F64       EncodeTime
 0001:0001A790       EndGlobalLoading
 0001:00005DAC       EndPaint
 0001:00003418       EndThread
 0001:0005E7E8       EnsureEncoding
 0001:000058A4       EnterCriticalSection
 0001:00000438       EnterCriticalSection
 0001:000058AC       EnumCalendarInfoA
 0002:0000591C       EnumDisplayMonitors
 0001:0000BAA0       EnumEraNames
 0001:0000BADC       EnumEraYearOffsets
 0001:00050CA8       EnumMonitorsProc
 0001:00005DB4       EnumThreadWindows
 0001:0001E4B8       EnumValue
 0001:00005DBC       EnumWindows
 0001:0005C9B4       EOleException.Create
 0001:0005C8E4       EOleSysError.Create
 0001:00005DC4       EqualRect
 0002:00005754       EraNames
 0001:0000B1C4       EraToYear
 0002:00005770       EraYearOffsets
 0002:00000064       errCaption
 0001:00019D18       Error
 0001:0001DC9C       Error
 0001:00001C88       Error
 0001:0004650C       Error
 0002:00000004       ErrorAddr
 0001:00001C3C       ErrorAt
 0001:0000C33C       ErrorHandler
 0002:00000224       ErrorMap
 0002:00005008       ErrorProc
 0002:000053E8       ErrOutput
 0002:00003C0C       ERR_clear_error
 0002:00003C10       ERR_error_string
 0002:00003BF8       ERR_error_string_n
 0002:00003C28       ERR_free_strings
 0002:00003C18       ERR_func_error_string
 0002:00003C00       ERR_get_error
 0002:00003C14       ERR_lib_error_string
 0002:00003C24       ERR_load_crypto_strings
 0002:00003C20       ERR_load_ERR_strings
 0002:00003C04       ERR_peek_error
 0002:00003C08       ERR_peek_last_error
 0002:00003BFC       ERR_put_error
 0002:00003C1C       ERR_reason_error_string
 0002:00003C30       ERR_remove_state
 0002:00003C2C       ERR_remove_thread_state
 0001:000A1B00       escape_chars
 0001:0009B2B0       ESSPIException.CreateError
 0001:0009ABBC       ESSPIException.GetErrorMessageByNo
 0002:000039A8       EVP_add_cipher
 0002:000039AC       EVP_add_digest
 0002:00003924       EVP_aes_128_cbc
 0002:00003990       EVP_aes_128_cbc_hmac_sha1
 0002:00003940       EVP_aes_128_ccm
 0002:00003928       EVP_aes_128_cfb1
 0002:00003930       EVP_aes_128_cfb128
 0002:0000392C       EVP_aes_128_cfb8
 0002:00003938       EVP_aes_128_ctr
 0002:00003920       EVP_aes_128_ecb
 0002:0000393C       EVP_aes_128_gcm
 0002:00003934       EVP_aes_128_ofb
 0002:00003944       EVP_aes_128_xts
 0002:0000394C       EVP_aes_192_cbc
 0002:00003964       EVP_aes_192_ccm
 0002:00003950       EVP_aes_192_cfb1
 0002:00003954       EVP_aes_192_cfb128
 0002:0000395C       EVP_aes_192_ctr
 0002:00003948       EVP_aes_192_ecb
 0002:00003960       EVP_aes_192_gcm
 0002:00003958       EVP_aes_192_ofb
 0002:0000396C       EVP_aes_256_cbc
 0002:00003994       EVP_aes_256_cbc_hmac_sha1
 0002:00003988       EVP_aes_256_ccm
 0002:00003970       EVP_aes_256_cfb1
 0002:00003978       EVP_aes_256_cfb128
 0002:00003974       EVP_aes_256_cfb8
 0002:00003980       EVP_aes_256_ctr
 0002:00003968       EVP_aes_256_ecb
 0002:00003984       EVP_aes_256_gcm
 0002:0000397C       EVP_aes_256_ofb
 0002:0000398C       EVP_aes_256_xts
 0002:00003904       EVP_bf_cbc
 0002:00003908       EVP_bf_cfb64
 0002:00003900       EVP_bf_ecb
 0002:0000390C       EVP_bf_ofb
 0002:00003914       EVP_cast5_cbc
 0002:00003918       EVP_cast5_cfb64
 0002:00003910       EVP_cast5_ecb
 0002:0000391C       EVP_cast5_ofb
 0002:00003528       EVP_CipherFinal
 0002:0000611C       EVP_CipherFinal_ex
 0002:0000351C       EVP_CipherInit
 0002:00003520       EVP_CipherInit_ex
 0002:00003524       EVP_CipherUpdate
 0002:00003A3C       EVP_CIPHER_asn1_to_param
 0002:000035E0       EVP_CIPHER_block_size
 0002:000035FC       EVP_CIPHER_CTX_block_size
 0002:000035F4       EVP_CIPHER_CTX_cipher
 0002:00003578       EVP_CIPHER_CTX_cleanup
 0002:00003608       EVP_CIPHER_CTX_copy
 0002:0000358C       EVP_CIPHER_CTX_ctrl
 0002:00003614       EVP_CIPHER_CTX_flags
 0002:00003580       EVP_CIPHER_CTX_free
 0002:0000360C       EVP_CIPHER_CTX_get_app_data
 0002:00003574       EVP_CIPHER_CTX_init
 0002:00003604       EVP_CIPHER_CTX_iv_length
 0002:00003600       EVP_CIPHER_CTX_key_length
 0002:0000357C       EVP_CIPHER_CTX_new
 0002:000035F8       EVP_CIPHER_CTX_nid
 0002:00003590       EVP_CIPHER_CTX_rand_key
 0002:00003610       EVP_CIPHER_CTX_set_app_data
 0002:00003584       EVP_CIPHER_CTX_set_key_length
 0002:00003588       EVP_CIPHER_CTX_set_padding
 0002:000039B0       EVP_CIPHER_do_all
 0002:000039B4       EVP_CIPHER_do_all_sorted
 0002:000035EC       EVP_CIPHER_flags
 0002:00003A44       EVP_CIPHER_get_asn1_iv
 0002:000035E8       EVP_CIPHER_iv_length
 0002:000035E4       EVP_CIPHER_key_length
 0002:000035DC       EVP_CIPHER_nid
 0002:00003A38       EVP_CIPHER_param_to_asn1
 0002:00003A40       EVP_CIPHER_set_asn1_iv
 0002:000035F0       EVP_CIPHER_type
 0002:000033B0       EVP_cleanup
 0002:00003570       EVP_DecodeBlock
 0002:0000356C       EVP_DecodeFinal
 0002:00003564       EVP_DecodeInit
 0002:00003568       EVP_DecodeUpdate
 0002:00003514       EVP_DecryptFinal
 0002:00003518       EVP_DecryptFinal_ex
 0002:00003508       EVP_DecryptInit
 0002:0000350C       EVP_DecryptInit_ex
 0002:00003510       EVP_DecryptUpdate
 0002:000038C8       EVP_desx_cbc
 0002:000038C0       EVP_des_cbc
 0002:0000389C       EVP_des_cfb1
 0002:00003898       EVP_des_cfb64
 0002:000038A0       EVP_des_cfb8
 0002:00003884       EVP_des_ecb
 0002:00003888       EVP_des_ede
 0002:0000388C       EVP_des_ede3
 0002:000035B0       EVP_des_ede3_cbc
 0002:000038AC       EVP_des_ede3_cfb1
 0002:000038A8       EVP_des_ede3_cfb64
 0002:000038B0       EVP_des_ede3_cfb8
 0002:00003894       EVP_des_ede3_ecb
 0002:000038BC       EVP_des_ede3_ofb
 0002:000038C4       EVP_des_ede_cbc
 0002:000038A4       EVP_des_ede_cfb64
 0002:00003890       EVP_des_ede_ecb
 0002:000038B8       EVP_des_ede_ofb
 0002:000038B4       EVP_des_ofb
 0002:000034F0       EVP_DigestFinal_ex
 0002:000034E4       EVP_DigestInit
 0002:000034E8       EVP_DigestInit_ex
 0002:00003538       EVP_DigestSignFinal
 0002:00003534       EVP_DigestSignInit
 0002:000034EC       EVP_DigestUpdate
 0002:00003540       EVP_DigestVerifyFinal
 0002:0000353C       EVP_DigestVerifyInit
 0002:00003860       EVP_dss
 0002:00003864       EVP_dss1
 0002:00003868       EVP_ecdsa
 0002:00003560       EVP_EncodeBlock
 0002:0000355C       EVP_EncodeFinal
 0002:00003554       EVP_EncodeInit
 0002:00003558       EVP_EncodeUpdate
[...]
  1086 0001:0009F0E8  1087 0001:0009F117  1089 0001:0009F121  1091 0001:0009F129
  1092 0001:0009F134  1095 0001:0009F145  1096 0001:0009F14E  1098 0001:0009F15E
  1103 0001:0009F171  1104 0001:0009F178  1106 0001:0009F182  1107 0001:0009F18D
  1116 0001:0009F195  1117 0001:0009F19E  1118 0001:0009F1A3  1119 0001:0009F1AE
  1121 0001:0009F1B7  1122 0001:0009F1BC  1124 0001:0009F1CD  1130 0001:0009F1E4
  1132 0001:0009F1F9  1135 0001:0009F204  1141 0001:0009F210  1094 0001:0009F221
  1146 0001:0009F25E  1163 0001:0009F2FC  1164 0001:0009F32D  1165 0001:0009F33F
  1166 0001:0009F34B  1167 0001:0009F387  1213 0001:0009F390  1214 0001:0009F3B5
  1215 0001:0009F3BF  1216 0001:0009F3C3  1219 0001:0009F3FE  1220 0001:0009F424
  1393 0001:0009F45C  1394 0001:0009F47B  1395 0001:0009F48A  1396 0001:0009F49F
  1397 0001:0009F4BA  1395 0001:0009F4BB  1398 0001:0009F4DE  1416 0001:0009F4E8
  1417 0001:0009F506  1418 0001:0009F50C  1419 0001:0009F51B  1420 0001:0009F525
  1421 0001:0009F533  1422 0001:0009F53F  1423 0001:0009F556  1422 0001:0009F580
  1424 0001:0009F583  1425 0001:0009F58F  1427 0001:0009F596  1430 0001:0009F5A9
  1432 0001:0009F5D9  1435 0001:0009F5E0  1436 0001:0009F5E6  1437 0001:0009F5EA
  1440 0001:0009F5F4  1442 0001:0009F5FD  1447 0001:0009F600  1448 0001:0009F621
  1449 0001:0009F627  1451 0001:0009F63F  1452 0001:0009F64E  1454 0001:0009F652
  1457 0001:0009F689  1807 0001:0009F6A4  1808 0001:0009F6CB  1809 0001:0009F71A
  1819 0001:0009F730  1820 0001:0009F762  1821 0001:0009F76A  1824 0001:0009F784
  1826 0001:0009F786  1827 0001:0009F790  1828 0001:0009F798  1829 0001:0009F7A0
  1831 0001:0009F7AD  1832 0001:0009F7AF  1833 0001:0009F7B6  1836 0001:0009F7FD
  1837 0001:0009F80A  1840 0001:0009F824  1841 0001:0009F828  1842 0001:0009F835
  1844 0001:0009F84F  1845 0001:0009F861  1846 0001:0009F873  1847 0001:0009F885
  1848 0001:0009F897  1850 0001:0009F8A9  1852 0001:0009F8BD  1853 0001:0009F8DC
  1856 0001:0009F914  1859 0001:0009F929  1829 0001:0009F92A  1860 0001:0009F931
  1861 0001:0009F966  1921 0001:0009F9DC  1922 0001:0009F9FE  1923 0001:0009FA08
  1924 0001:0009FA16  1926 0001:0009FA23  1927 0001:0009FA3E  1928 0001:0009FA49
  1930 0001:0009FA56  1931 0001:0009FA64  1932 0001:0009FA7C  1933 0001:0009FA89
  1934 0001:0009FAB5  1926 0001:0009FAB8  1935 0001:0009FABB  1936 0001:0009FAC8
  1938 0001:0009FAE0  1940 0001:0009FB1F  2027 0001:0009FB58  2028 0001:0009FB5D
  2032 0001:0009FB60  2033 0001:0009FB7C  2034 0001:0009FB93  2035 0001:0009FB9F
  2037 0001:0009FBA1  2038 0001:0009FBB2  2039 0001:0009FBBD  2041 0001:0009FBBF
  2043 0001:0009FBF2  2044 0001:0009FBFB  2046 0001:0009FBFD  2047 0001:0009FC30
  2093 0001:0009FC48  2094 0001:0009FC57  2097 0001:0009FC58  2098 0001:0009FC64
  2099 0001:0009FC7A  2107 0001:0009FC7C  2108 0001:0009FC7F  2109 0001:0009FC85
  2111 0001:0009FC93  2113 0001:0009FC9F  2126 0001:0009FCC4  2127 0001:0009FCC9
  2131 0001:0009FCCC  2132 0001:0009FCD1  2138 0001:0009FCD4  2139 0001:0009FCE3
  2142 0001:0009FCE4  2143 0001:0009FD13  2144 0001:0009FD52  2148 0001:0009FD58
  2149 0001:0009FD5E  2150 0001:0009FD83  2158 0001:0009FD88  2159 0001:0009FD8E
  2160 0001:0009FD98  2165 0001:0009FD9C  2166 0001:0009FDD2  2167 0001:0009FE3A
  2172 0001:0009FE68  2173 0001:0009FE74  2174 0001:0009FE8A  2178 0001:0009FE8C
  2179 0001:0009FE9B  2182 0001:0009FE9C  2183 0001:0009FECB  2184 0001:0009FF0A
  2187 0001:0009FF10  2188 0001:0009FF13  2189 0001:0009FF1D  2193 0001:0009FF20
  2194 0001:0009FF23  2199 0001:0009FF24  2200 0001:0009FF45  2202 0001:0009FF56
  2205 0001:0009FF62  2208 0001:0009FF6E  2209 0001:0009FF7D  2211 0001:0009FF81
  2215 0001:0009FFA5  2225 0001:0009FFB8  2226 0001:0009FFBE  2227 0001:0009FFCE
  2230 0001:0009FFD4  2231 0001:0009FFDA  2232 0001:0009FFE4  2238 0001:0009FFE8
  2239 0001:000A0026  2240 0001:000A0088  2250 0001:000A0090  2251 0001:000A00A2
  2254 0001:000A00A4  2255 0001:000A00B3  2256 0001:000A00D2  2259 0001:000A00D8
  2260 0001:000A00DB  2261 0001:000A00EB  2264 0001:000A00F0  2265 0001:000A00F6
  2266 0001:000A010C  2269 0001:000A0110  2270 0001:000A0113  2271 0001:000A011B
  2280 0001:000A0120  2282 0001:000A0139  2283 0001:000A0181  2294 0001:000A01A4
  2295 0001:000A01B9  2296 0001:000A01C2  2297 0001:000A01CD  2299 0001:000A01DE
  2302 0001:000A01E9  2304 0001:000A01F0  2305 0001:000A01FB  2306 0001:000A0202
  2308 0001:000A020E  2309 0001:000A0215  2311 0001:000A0226  2313 0001:000A023B
  2316 0001:000A0246  2321 0001:000A024F  2303 0001:000A0260  2325 0001:000A0279
  2328 0001:000A02CC  2329 0001:000A02D7  2331 0001:000A02DE  2332 0001:000A02E4
  2333 0001:000A02EC  2334 0001:000A02F2  2335 0001:000A02FA  2336 0001:000A0311
  2356 0001:000A0314  2357 0001:000A0326  2358 0001:000A034C  2371 0001:000A0350
  2372 0001:000A0381  2373 0001:000A0393  2374 0001:000A039F  2375 0001:000A03DB
  2381 0001:000A03E4  2383 0001:000A03F6  2384 0001:000A0401  2392 0001:000A0424
  2395 0001:000A042B  2382 0001:000A0435  2397 0001:000A043E  2398 0001:000A0446
  2399 0001:000A045D  2412 0001:000A0464  2413 0001:000A047C  2414 0001:000A0483
  2415 0001:000A0487  2418 0001:000A04BF  2419 0001:000A04E5  2602 0001:000A0518
  2603 0001:000A0547  2604 0001:000A0550  2605 0001:000A0558  2606 0001:000A0562
  2607 0001:000A0566  2609 0001:000A0571  2610 0001:000A058A  2611 0001:000A0595
  2605 0001:000A0596  2612 0001:000A0599  2613 0001:000A05CE  2622 0001:000A05D8
  2623 0001:000A05DE  2632 0001:000A05E0  2633 0001:000A05E6  2634 0001:000A05F5
  2636 0001:000A05FA  2638 0001:000A0604  2833 0001:000A0608  2834 0001:000A0609
  2835 0001:000A0610  2836 0001:000A0621  2838 0001:000A0625  2839 0001:000A0627
  2930 0001:000A062C  2931 0001:000A062F  2932 0001:000A0637  2933 0001:000A0639
  3043 0001:000A063C  3044 0001:000A0655  3045 0001:000A069A  3122 0001:000A06C4
  3123 0001:000A06C7  3124 0001:000A06CB  3126 0001:000A06CF  3127 0001:000A06DC
  3130 0001:000A06E0  3131 0001:000A06E3  3132 0001:000A06EF  3137 0001:000A0704
  3138 0001:000A0705  3139 0001:000A0707  3140 0001:000A070E  3144 0001:000A0710
  3145 0001:000A071D  3158 0001:000A0720  3159 0001:000A072C  3160 0001:000A0769
  3166 0001:000A0784  3167 0001:000A07B8  3171 0001:000A07CA  3175 0001:000A0811
  3176 0001:000A081F  3179 0001:000A087E  3181 0001:000A08CC  3182 0001:000A08E1
  3183 0001:000A08EB  3187 0001:000A092C  3190 0001:000A0940  3194 0001:000A0961
  3196 0001:000A0966  3197 0001:000A0974  3199 0001:000A0990  3169 0001:000A099C
  3203 0001:000A09E1  3227 0001:000A0A0C  3228 0001:000A0A22  3229 0001:000A0A3B
  3230 0001:000A0A5C  3237 0001:000A0A60  3238 0001:000A0A72  3239 0001:000A0A92
  3244 0001:000A0A98  3245 0001:000A0AA5  3247 0001:000A0AB4  3249 0001:000A0AC1
  3250 0001:000A0ACF  3252 0001:000A0ADA  3245 0001:000A0ADB  3253 0001:000A0AE0
  3254 0001:000A0AE7  3255 0001:000A0AFE  3261 0001:000A0B04  3262 0001:000A0B16
  3265 0001:000A0B18  3266 0001:000A0B27  3267 0001:000A0B46  3270 0001:000A0B4C
  3271 0001:000A0B7B  3272 0001:000A0BBD  3275 0001:000A0BC4  3276 0001:000A0BC9
  3277 0001:000A0BD3  3314 0001:000A0BD8  3315 0001:000A0BDE  3316 0001:000A0BEB
  3324 0001:000A0BF0  3325 0001:000A0C13  3326 0001:000A0C1D  3328 0001:000A0C46
  3318 0001:000A0C48  3319 0001:000A0C51  3320 0001:000A0C64  3321 0001:000A0C77
  3323 0001:000A0C88

Line numbers for uDWJSONInterface(uDWJSONInterface.pas) segment .text

   324 0001:000A0D80   325 0001:000A0DAF   326 0001:000A0DB8   337 0001:000A0DBE
   338 0001:000A0DD0   339 0001:000A0DE4   340 0001:000A0DEE   342 0001:000A0E02
   357 0001:000A0E4A   360 0001:000A0E5C   361 0001:000A0E67   362 0001:000A0E6D
   363 0001:000A0E75   364 0001:000A0E8C   554 0001:000A0E90   555 0001:000A0EBB
   556 0001:000A0EBE   558 0001:000A0EC4   559 0001:000A0EC7   561 0001:000A0ECC
   623 0001:000A0EEA   627 0001:000A0F87   629 0001:000A0F9A   631 0001:000A0FAF
   633 0001:000A0FC4   634 0001:000A0FEC   635 0001:000A1010   640 0001:000A103B
   641 0001:000A1057   646 0001:000A107A   647 0001:000A1096   650 0001:000A10B9
   652 0001:000A10F0   654 0001:000A114E   655 0001:000A115B   656 0001:000A117B
   660 0001:000A11A3   661 0001:000A11C8   662 0001:000A11D5   665 0001:000A1224
   667 0001:000A1240   668 0001:000A126F   673 0001:000A129F   674 0001:000A12C2
   676 0001:000A12FB   677 0001:000A131B   683 0001:000A1340   684 0001:000A135C
   727 0001:000A137A   728 0001:000A1391   730 0001:000A139C   731 0001:000A13AE
   732 0001:000A13B2   733 0001:000A13E7   736 0001:000A1490   737 0001:000A149B
   738 0001:000A149D   745 0001:000A14A4   747 0001:000A14C0   748 0001:000A14CC
   751 0001:000A14DD   762 0001:000A14E9   830 0001:000A1500   831 0001:000A1512
   832 0001:000A1532   835 0001:000A1538   836 0001:000A1543   837 0001:000A155A
   877 0001:000A1590   877 0001:000A1597

Line numbers for uRESTDWDataJSON(uRESTDWDataJSON.pas) segment .text

   232 0001:000A19D0   233 0001:000A19F5   234 0001:000A1A0B   235 0001:000A1A2D
   236 0001:000A1A71   281 0001:000A1AA0   282 0001:000A1AA6   283 0001:000A1AB8
   338 0001:000A1AE4   339 0001:000A1AEA   340 0001:000A1AFA   341 0001:000A1B00
   342 0001:000A1B2F   347 0001:000A1B31   348 0001:000A1B3B   350 0001:000A1B43
   351 0001:000A1B4B   352 0001:000A1B53   354 0001:000A1B6B   355 0001:000A1B6D
   356 0001:000A1B74   358 0001:000A1BBB   359 0001:000A1BC8   362 0001:000A1BE2
   363 0001:000A1BE6   364 0001:000A1BF3   367 0001:000A1C0D   370 0001:000A1C1F
   373 0001:000A1C31   376 0001:000A1C43   379 0001:000A1C55   382 0001:000A1C64
   384 0001:000A1C78   385 0001:000A1C92   388 0001:000A1CCA   391 0001:000A1CDF
   352 0001:000A1CE0   392 0001:000A1CE7   393 0001:000A1D1C   396 0001:000A1D90
   397 0001:000A1D94   398 0001:000A1D96   399 0001:000A1DA7   400 0001:000A1DAB
   401 0001:000A1DBC   402 0001:000A1DC0   403 0001:000A1DD1   404 0001:000A1DD5
   405 0001:000A1DE6   406 0001:000A1DEA   407 0001:000A1DFB   408 0001:000A1DFF
   409 0001:000A1E10   410 0001:000A1E14   416 0001:000A1E18   417 0001:000A1E48
   418 0001:000A1E54   419 0001:000A1E64   420 0001:000A1E6F   421 0001:000A1E86
   422 0001:000A1EB9   429 0001:000A1EC0   430 0001:000A1EF8   431 0001:000A1F04
   432 0001:000A1F14   433 0001:000A1F1F   434 0001:000A1F34   435 0001:000A1F3C
   436 0001:000A1F74   442 0001:000A1F80   443 0001:000A1FA8   444 0001:000A1FB4
   445 0001:000A1FC4   446 0001:000A1FCF   447 0001:000A1FE4   448 0001:000A2017
   466 0001:000A2020   467 0001:000A2050   468 0001:000A205C   469 0001:000A206C
   470 0001:000A2077   471 0001:000A208C   472 0001:000A20BF   480 0001:000A20C8
   481 0001:000A2100   482 0001:000A210C   483 0001:000A211C   484 0001:000A2127
   485 0001:000A213C   486 0001:000A2144   487 0001:000A214F   488 0001:000A218A
   544 0001:000A2194   545 0001:000A21B8   546 0001:000A21C4   547 0001:000A21C6
   548 0001:000A21CC   550 0001:000A21D6   551 0001:000A21E1   552 0001:000A220C
   573 0001:000A2214   574 0001:000A2238   576 0001:000A2264   577 0001:000A2270
   578 0001:000A2280   579 0001:000A228B   582 0001:000A229C   583 0001:000A22A8
   584 0001:000A22B8   585 0001:000A22C3   588 0001:000A22D4   589 0001:000A22E0
   590 0001:000A22F0   591 0001:000A22FB   594 0001:000A230C   595 0001:000A2318
   596 0001:000A2328   597 0001:000A2333   600 0001:000A2341   601 0001:000A234D
   602 0001:000A235D   603 0001:000A2368   606 0001:000A2376   607 0001:000A2382
   608 0001:000A2392   609 0001:000A239D   612 0001:000A23C8   663 0001:000A23D0
   664 0001:000A23DF   666 0001:000A23FB   667 0001:000A2409   669 0001:000A241B
   674 0001:000A2457   676 0001:000A246A   682 0001:000A2487   684 0001:000A249A
   690 0001:000A24B7   692 0001:000A24CA   698 0001:000A24E7   700 0001:000A24FA
   706 0001:000A2517   708 0001:000A252A   714 0001:000A2544   716 0001:000A2557
   723 0001:000A2571   725 0001:000A2584   730 0001:000A25AB   731 0001:000A25B0
   733 0001:000A25BE   737 0001:000A25C8   738 0001:000A25CD   743 0001:000A25D0
   744 0001:000A25D4   746 0001:000A25DB   747 0001:000A25E4   746 0001:000A25EE
   748 0001:000A25F3   750 0001:000A25FB   753 0001:000A2600   754 0001:000A2619
   755 0001:000A2622   756 0001:000A2631   757 0001:000A2634   758 0001:000A2655
   772 0001:000A265C   773 0001:000A2667   774 0001:000A266E   775 0001:000A2674
   776 0001:000A267C   777 0001:000A2693   782 0001:000A2698   783 0001:000A26A0
   784 0001:000A26A2   786 0001:000A26B7   788 0001:000A26D3   789 0001:000A26DA
   790 0001:000A26EB   791 0001:000A26EF   792 0001:000A2700   793 0001:000A2708
   797 0001:000A2719   798 0001:000A2755   799 0001:000A2763   800 0001:000A2771
   801 0001:000A277F   802 0001:000A278D   803 0001:000A279B   805 0001:000A27A9
   806 0001:000A27B0   807 0001:000A27BE   808 0001:000A27C2   809 0001:000A27D0
   810 0001:000A27D4   815 0001:000A27E2   871 0001:000A27E8   872 0001:000A27EB
   873 0001:000A27F2   874 0001:000A27F7   880 0001:000A27F8   881 0001:000A2829
   892 0001:000A2833   893 0001:000A2845   894 0001:000A2859   895 0001:000A2863
   897 0001:000A2877   911 0001:000A288B   912 0001:000A2899   915 0001:000A28B9
   916 0001:000A28C5   920 0001:000A28D2   921 0001:000A28DE   924 0001:000A28F6
   926 0001:000A293E   966 0001:000A2950   967 0001:000A297F   968 0001:000A2987
   970 0001:000A29A7   971 0001:000A29AF   973 0001:000A29C1   975 0001:000A2A01
   978 0001:000A2A18   980 0001:000A2A2D   981 0001:000A2A42   982 0001:000A2A57
   983 0001:000A2A6C   984 0001:000A2A81   985 0001:000A2A96   987 0001:000A2AA9
   988 0001:000A2AB1   990 0001:000A2ABE   991 0001:000A2AD8   992 0001:000A2AE0
   971 0001:000A2AE1   993 0001:000A2AE8   994 0001:000A2AEE   996 0001:000A2B2A
   999 0001:000A2B4B  1000 0001:000A2B53  1002 0001:000A2B65  1004 0001:000A2B87
  1005 0001:000A2B8D  1007 0001:000A2BA5  1010 0001:000A2BD5  1011 0001:000A2BDB
  1013 0001:000A2BF0  1016 0001:000A2C1D  1017 0001:000A2C23  1019 0001:000A2C38
  1022 0001:000A2C63  1000 0001:000A2C64  1023 0001:000A2C6B  1024 0001:000A2C71
  1026 0001:000A2CA0  1029 0001:000A2CBF  1030 0001:000A2CC7  1032 0001:000A2CD9
  1034 0001:000A2D19  1037 0001:000A2D30  1039 0001:000A2D45  1040 0001:000A2D5A
  1041 0001:000A2D6F  1042 0001:000A2D84  1043 0001:000A2D99  1044 0001:000A2DAE
  1046 0001:000A2DC1  1047 0001:000A2DC9  1049 0001:000A2DD6  1050 0001:000A2DF0
  1051 0001:000A2DF8  1030 0001:000A2DF9  1053 0001:000A2E02  1055 0001:000A2E47
  1058 0001:000A2ED4  1059 0001:000A2EDA  1060 0001:000A2EE6  1063 0001:000A2EEC
  1064 0001:000A2EF2  1065 0001:000A2EF8  1067 0001:000A2F11  1068 0001:000A2F19
  1077 0001:000A2F48  1078 0001:000A2F53  1079 0001:000A2F5D  1080 0001:000A2F74
  1083 0001:000A2F78  1084 0001:000A2F91  1085 0001:000A2F9A  1086 0001:000A2F9D
  1087 0001:000A2FA1  1088 0001:000A2FC9  1091 0001:000A2FD0  1092 0001:000A2FFA
  1093 0001:000A3005  1094 0001:000A302D  1098 0001:000A3034  1099 0001:000A304A
  1102 0001:000A3078  1103 0001:000A308A  1104 0001:000A3095  1105 0001:000A30B0
  1108 0001:000A30B4  1109 0001:000A30DC  1111 0001:000A30E6  1112 0001:000A30F8
  1115 0001:000A3119  1116 0001:000A311F  1118 0001:000A3154  1123 0001:000A3173
  1124 0001:000A3185  1127 0001:000A31A3  1128 0001:000A31A9  1130 0001:000A31E8
  1133 0001:000A323E  1136 0001:000A3294  1137 0001:000A32A6  1138 0001:000A32C8
  1141 0001:000A32CC  1142 0001:000A32F4  1144 0001:000A32FE  1145 0001:000A3310
  1147 0001:000A3331  1151 0001:000A3388  1152 0001:000A339A  1154 0001:000A33B8
  1156 0001:000A3446  1159 0001:000A34AC  1160 0001:000A34BE  1161 0001:000A34E0
  1164 0001:000A34E4  1165 0001:000A34ED  1167 0001:000A34F3  1168 0001:000A3505
  1170 0001:000A3526  1174 0001:000A3545  1175 0001:000A3557  1177 0001:000A3578
  1179 0001:000A35A4  1182 0001:000A35D8  1183 0001:000A35EA  1184 0001:000A360C
  1187 0001:000A3610  1188 0001:000A3619  1190 0001:000A3623  1191 0001:000A3635
  1193 0001:000A3659  1194 0001:000A3665  1196 0001:000A3689  1200 0001:000A36AD
  1201 0001:000A36BF  1204 0001:000A36E0  1205 0001:000A36EC  1207 0001:000A371C
  1210 0001:000A374A  1213 0001:000A379C  1214 0001:000A37AE  1215 0001:000A37D0
  1218 0001:000A37D4  1219 0001:000A37F7  1221 0001:000A3801  1222 0001:000A3813
  1225 0001:000A3834  1226 0001:000A3852  1227 0001:000A3871  1228 0001:000A38C8
  1229 0001:000A38FE  1235 0001:000A3937  1236 0001:000A3949  1239 0001:000A396A
  1240 0001:000A3988  1241 0001:000A39B4  1242 0001:000A3A18  1243 0001:000A3A58
  1247 0001:000A3AC8  1250 0001:000A3B54  1251 0001:000A3B66  1252 0001:000A3B88
  1287 0001:000A3B8C  1288 0001:000A3B95  1290 0001:000A3B9B  1291 0001:000A3BAD
  1293 0001:000A3BCE  1297 0001:000A3BED  1298 0001:000A3BFF  1300 0001:000A3C20
  1302 0001:000A3C4C  1305 0001:000A3CA4  1306 0001:000A3CB6  1307 0001:000A3CD8
  1326 0001:000A3CDC  1333 0001:000A3D0A  1336 0001:000A3D1A  1337 0001:000A3D37
  1338 0001:000A3D45  1339 0001:000A3D4B  1340 0001:000A3D52  1342 0001:000A3D62
  1344 0001:000A3D78  1349 0001:000A3E4C  1350 0001:000A3E71  1351 0001:000A3E8E
  1355 0001:000A3EB3  1357 0001:000A3EEA  1359 0001:000A3F2E  1361 0001:000A3F6A
  1363 0001:000A3F8E  1365 0001:000A3FC5  1367 0001:000A4009  1369 0001:000A4048
  1371 0001:000A406C  1373 0001:000A40A3  1376 0001:000A40EB  1377 0001:000A412A
  1380 0001:000A4152  1382 0001:000A4176  1384 0001:000A41AD  1386 0001:000A41F1
  1388 0001:000A422D  1391 0001:000A424C  1342 0001:000A424D  1394 0001:000A4261
  1396 0001:000A4507  1425 0001:000A45E0  1426 0001:000A460F  1427 0001:000A461A
  1428 0001:000A4620  1429 0001:000A465E  1432 0001:000A4664  1433 0001:000A466A
  1434 0001:000A4673  1453 0001:000A46A8  1453 0001:000A46AF

Line numbers for uRESTDWSerialize(uRESTDWSerialize.pas) segment .text

   126 0001:000A485C   127 0001:000A489D   128 0001:000A48A2   129 0001:000A48B4
   130 0001:000A48C0   131 0001:000A48CE   133 0001:000A48D8   134 0001:000A48F5
   135 0001:000A48FB   136 0001:000A4905   137 0001:000A4922   138 0001:000A4930
   140 0001:000A494C   142 0001:000A4963   143 0001:000A496F   145 0001:000A49B1
   147 0001:000A49BB   153 0001:000A4A1A   155 0001:000A4A30   156 0001:000A4A3E
   157 0001:000A4A64   159 0001:000A4A90   161 0001:000A4A9A   162 0001:000A4AAC
   164 0001:000A4AD6   176 0001:000A4AFB   187 0001:000A4B21   189 0001:000A4B2A
   190 0001:000A4B3D   191 0001:000A4B4A   193 0001:000A4B5B   199 0001:000A4B7B
   140 0001:000A4B7E   200 0001:000A4B87   138 0001:000A4B8A   202 0001:000A4BA0
   206 0001:000A4BBD   207 0001:000A4BC0   208 0001:000A4BC6   210 0001:000A4C0A
   215 0001:000A4C18   217 0001:000A4C4C   217 0001:000A4C53

Line numbers for RESTDWObjectSerialize(RESTDWObjectSerialize.pas) segment .text

    49 0001:000A4F9C    50 0001:000A4FBD    51 0001:000A4FCC    52 0001:000A4FDA
    53 0001:000A4FEE    54 0001:000A5000    55 0001:000A5017    56 0001:000A5034
    57 0001:000A5043    58 0001:000A5063    59 0001:000A5074    60 0001:000A50A8
    61 0001:000A50DC    62 0001:000A5122    63 0001:000A5164    65 0001:000A51B2
    66 0001:000A51BA    68 0001:000A51F9    70 0001:000A52F4    70 0001:000A52FB

Line numbers for ObjectSerialize(D:\Meus Dados\Projetos\SUGV\Componentes\XyberPower\REST_Controls\CORE\Demos\JsonParser\Serialize\D7\ObjectSerialize.dpr) segment .text

    11 0001:000A59BC    12 0001:000A59CC    13 0001:000A59D8    14 0001:000A59F0
    15 0001:000A59FC

Bound resource files

c:\program files (x86)\borland\delphi7\Lib\Buttons.res
c:\program files (x86)\borland\delphi7\Lib\ExtDlgs.res
c:\program files (x86)\borland\delphi7\Lib\Controls.res
D:\Meus Dados\Projetos\SUGV\Componentes\XyberPower\REST_Controls\CORE\Source\uAboutForm.dfm
RESTDWObjectSerialize.dfm
ObjectSerialize.res
ObjectSerialize.drf


Program entry point at 0001:000A59BC
